[2026-09-06 14:19:22] === Benchmark 1.5b replica-scale sweep ===
[2026-09-06 14:19:22] Scales:      32 (x stock replicas)
[2026-09-06 14:19:22] RPS values:  100 200 400 800 1200 1600 2000
[2026-09-06 14:19:22] Duration:    120s per RPS step
[2026-09-06 14:19:22] Strategies:  st5-AttUpd istio
[2026-09-06 14:19:22] Conn reuse:  1 (1 = Envoy default pooling, 0 = maxRequestsPerConnection=1)
[2026-09-06 14:19:22] Results:     /users/apoudel/DeathStarBench/socialNetwork/results/benchmark1.5b-replica-scale-09-05-26_195041
[2026-09-06 14:19:22] Logs:        /users/apoudel/DeathStarBench/socialNetwork/results/benchmark1.5b-replica-scale-09-05-26_195041/logs (driver.log + scale-<N>x-*.log)
[2026-09-06 14:19:22] --- scale 32x: 192 app pods, ready timeout 2220s ---
[2026-09-06 14:19:22]     manifests: /users/apoudel/DeathStarBench/socialNetwork/results/benchmark1.5b-replica-scale-09-05-26_195041/scale-32x/manifests/bookinfo-var.yaml
[1;30;44mMazu:[0m === Benchmark 1.5b (no-scale): HPA-disabled continuous RPS sweep ===.
[1;30;44mMazu:[0m Strategies: st5-AttUpd istio.
[1;30;44mMazu:[0m RPS values: 100 200 400 800 1200 1600 2000.
[1;30;44mMazu:[0m Duration: 120s per RPS step.
[1;30;44mMazu:[0m Manifests: /users/apoudel/DeathStarBench/socialNetwork/results/benchmark1.5b-replica-scale-09-05-26_195041/scale-32x/manifests/bookinfo-var.yaml (istio) / /users/apoudel/DeathStarBench/socialNetwork/results/benchmark1.5b-replica-scale-09-05-26_195041/scale-32x/manifests/bookinfo-var-tpm.yaml (st5-AttUpd).
[1;30;44mMazu:[0m Connection reuse: ENABLED (bf-no-connection-reuse.yaml NOT applied).
[1;30;44mMazu:[0m Results: /users/apoudel/DeathStarBench/socialNetwork/results/benchmark1.5b-replica-scale-09-05-26_195041/scale-32x.
[1;30;44mMazu:[0m Logs: /users/apoudel/DeathStarBench/socialNetwork/results/benchmark1.5b-replica-scale-09-05-26_195041/logs/scale-32x-sweep.log (+ one per strategy).
=== Benchmark 1.5b (no-scale) sweep started at Sun Sep  6 02:19:22 PM MDT 2026 for st5-AttUpd ===
Strategy: st5-AttUpd | Tag: st5-AttUpd | Duration: 120 seconds | RPS: 1000
Results Directory: /users/apoudel/DeathStarBench/socialNetwork/20260906_141922/st5-AttUpd-120
Output File: /users/apoudel/DeathStarBench/socialNetwork/20260906_141922/st5-AttUpd-120/1000.txt
/users/apoudel/DeathStarBench/socialNetwork
[1;30;44mMazu:[0m Uninstalling Bookinfo application....
service "details" deleted from default namespace
serviceaccount "bookinfo-details" deleted from default namespace
deployment.apps "details-v1" deleted from default namespace
service "ratings" deleted from default namespace
serviceaccount "bookinfo-ratings" deleted from default namespace
deployment.apps "ratings-v1" deleted from default namespace
service "reviews" deleted from default namespace
serviceaccount "bookinfo-reviews" deleted from default namespace
deployment.apps "reviews-v1" deleted from default namespace
deployment.apps "reviews-v2" deleted from default namespace
deployment.apps "reviews-v3" deleted from default namespace
service "productpage" deleted from default namespace
serviceaccount "bookinfo-productpage" deleted from default namespace
deployment.apps "productpage-v1" deleted from default namespace
gateway.networking.istio.io "bookinfo-gateway" deleted from default namespace
virtualservice.networking.istio.io "bookinfo" deleted from default namespace
Error from server (NotFound): error when deleting "/users/apoudel/DeathStarBench/socialNetwork/scratch/yaml/bf-hpa.yaml": horizontalpodautoscalers.autoscaling "details-hpa" not found
Error from server (NotFound): error when deleting "/users/apoudel/DeathStarBench/socialNetwork/scratch/yaml/bf-hpa.yaml": horizontalpodautoscalers.autoscaling "ratings-hpa" not found
Error from server (NotFound): error when deleting "/users/apoudel/DeathStarBench/socialNetwork/scratch/yaml/bf-hpa.yaml": horizontalpodautoscalers.autoscaling "reviews-v1-hpa" not found
Error from server (NotFound): error when deleting "/users/apoudel/DeathStarBench/socialNetwork/scratch/yaml/bf-hpa.yaml": horizontalpodautoscalers.autoscaling "reviews-v2-hpa" not found
Error from server (NotFound): error when deleting "/users/apoudel/DeathStarBench/socialNetwork/scratch/yaml/bf-hpa.yaml": horizontalpodautoscalers.autoscaling "reviews-v3-hpa" not found
Error from server (NotFound): error when deleting "/users/apoudel/DeathStarBench/socialNetwork/scratch/yaml/bf-hpa.yaml": horizontalpodautoscalers.autoscaling "productpage-hpa" not found
pod/details-v1-5bff6c89bf-2hgpp condition met
pod/details-v1-5bff6c89bf-4h5w5 condition met
pod/details-v1-5bff6c89bf-4tzhx condition met
pod/details-v1-5bff6c89bf-5bmx9 condition met
pod/details-v1-5bff6c89bf-6vvtp condition met
pod/details-v1-5bff6c89bf-7ghzz condition met
pod/details-v1-5bff6c89bf-8qmqz condition met
pod/details-v1-5bff6c89bf-8snbj condition met
pod/details-v1-5bff6c89bf-8vcqg condition met
pod/details-v1-5bff6c89bf-9qjfp condition met
pod/details-v1-5bff6c89bf-9w68c condition met
pod/details-v1-5bff6c89bf-clcqk condition met
pod/details-v1-5bff6c89bf-djwqv condition met
pod/details-v1-5bff6c89bf-fx7dw condition met
pod/details-v1-5bff6c89bf-gsr62 condition met
pod/details-v1-5bff6c89bf-jmr22 condition met
pod/details-v1-5bff6c89bf-jsx67 condition met
pod/details-v1-5bff6c89bf-k8skf condition met
pod/details-v1-5bff6c89bf-k9frt condition met
pod/details-v1-5bff6c89bf-lvbl6 condition met
pod/details-v1-5bff6c89bf-mh9sw condition met
pod/details-v1-5bff6c89bf-mzsfx condition met
pod/details-v1-5bff6c89bf-nlqx7 condition met
pod/details-v1-5bff6c89bf-p6nm4 condition met
pod/details-v1-5bff6c89bf-pw6n5 condition met
pod/details-v1-5bff6c89bf-q5mwb condition met
pod/details-v1-5bff6c89bf-qbh22 condition met
pod/details-v1-5bff6c89bf-w6kgm condition met
pod/details-v1-5bff6c89bf-wwqph condition met
pod/details-v1-5bff6c89bf-x5dc7 condition met
pod/details-v1-5bff6c89bf-xvlh9 condition met
pod/details-v1-5bff6c89bf-zm6jb condition met
pod/productpage-v1-5fbc448f49-4rgfv condition met
pod/productpage-v1-5fbc448f49-5pbp9 condition met
pod/productpage-v1-5fbc448f49-5prjq condition met
pod/productpage-v1-5fbc448f49-7v2w9 condition met
pod/productpage-v1-5fbc448f49-8vfbl condition met
pod/productpage-v1-5fbc448f49-929vt condition met
pod/productpage-v1-5fbc448f49-cmcb5 condition met
pod/productpage-v1-5fbc448f49-cqqps condition met
pod/productpage-v1-5fbc448f49-ctv2w condition met
pod/productpage-v1-5fbc448f49-cxtdl condition met
pod/productpage-v1-5fbc448f49-dtnkx condition met
pod/productpage-v1-5fbc448f49-hk6kc condition met
pod/productpage-v1-5fbc448f49-jjsn5 condition met
pod/productpage-v1-5fbc448f49-jrr9g condition met
pod/productpage-v1-5fbc448f49-k7rrr condition met
pod/productpage-v1-5fbc448f49-kfnjv condition met
pod/productpage-v1-5fbc448f49-lhps4 condition met
pod/productpage-v1-5fbc448f49-ljg7p condition met
pod/productpage-v1-5fbc448f49-mgnjz condition met
pod/productpage-v1-5fbc448f49-mv8rs condition met
pod/productpage-v1-5fbc448f49-nfzbk condition met
pod/productpage-v1-5fbc448f49-phlxn condition met
pod/productpage-v1-5fbc448f49-q9bjz condition met
pod/productpage-v1-5fbc448f49-s955l condition met
pod/productpage-v1-5fbc448f49-svwz7 condition met
pod/productpage-v1-5fbc448f49-tk29r condition met
pod/productpage-v1-5fbc448f49-w7msd condition met
pod/productpage-v1-5fbc448f49-wfb6p condition met
pod/productpage-v1-5fbc448f49-wpr6g condition met
pod/productpage-v1-5fbc448f49-xfhqk condition met
pod/productpage-v1-5fbc448f49-xw89c condition met
pod/productpage-v1-5fbc448f49-z9h2z condition met
Strategy: st5-AttUpd | Tag: st5-AttUpd | Duration: 120 seconds | RPS: 1000
Results Directory: /users/apoudel/DeathStarBench/socialNetwork/20260906_141942/st5-AttUpd-120
Output File: /users/apoudel/DeathStarBench/socialNetwork/20260906_141942/st5-AttUpd-120/1000.txt
/users/apoudel/DeathStarBench/socialNetwork
All Istio resources will be pruned from the cluster

  Removed apps/v1, Kind=Deployment/istio-ingressgateway.istio-system.
  Removed apps/v1, Kind=Deployment/istiod.istio-system.
  Removed /v1, Kind=Service/istio-ingressgateway.istio-system.
  Removed /v1, Kind=Service/istiod.istio-system.
  Removed /v1, Kind=ConfigMap/istio.istio-system.
  Removed /v1, Kind=ConfigMap/istio-sidecar-injector.istio-system.
  Removed /v1, Kind=Pod/istio-ingressgateway-745cc59f79-5clq5.istio-system.
  Removed /v1, Kind=Pod/istio-ingressgateway-745cc59f79-75kp5.istio-system.
  Removed /v1, Kind=Pod/istio-ingressgateway-745cc59f79-dmzr6.istio-system.
  Removed /v1, Kind=Pod/istio-ingressgateway-745cc59f79-gq2nc.istio-system.
  Removed /v1, Kind=Pod/istio-ingressgateway-745cc59f79-jcjps.istio-system.
  Removed /v1, Kind=Pod/istio-ingressgateway-745cc59f79-k98s4.istio-system.
  Removed /v1, Kind=Pod/istio-ingressgateway-745cc59f79-ptqpm.istio-system.
  Removed /v1, Kind=Pod/istio-ingressgateway-745cc59f79-qt4z6.istio-system.
  Removed /v1, Kind=Pod/istio-ingressgateway-745cc59f79-xg5bx.istio-system.
  Removed /v1, Kind=Pod/istio-ingressgateway-745cc59f79-xxpx5.istio-system.
  Removed /v1, Kind=Pod/istiod-fb9866b9d-8ck24.istio-system.
  Removed /v1, Kind=ServiceAccount/istio-ingressgateway-service-account.istio-system.
  Removed /v1, Kind=ServiceAccount/istio-reader-service-account.istio-system.
  Removed /v1, Kind=ServiceAccount/istiod.istio-system.
  Removed rbac.authorization.k8s.io/v1, Kind=RoleBinding/istio-ingressgateway-sds.istio-system.
  Removed rbac.authorization.k8s.io/v1, Kind=RoleBinding/istiod.istio-system.
  Removed rbac.authorization.k8s.io/v1, Kind=Role/istio-ingressgateway-sds.istio-system.
  Removed rbac.authorization.k8s.io/v1, Kind=Role/istiod.istio-system.
  Removed policy/v1, Kind=PodDisruptionBudget/istio-ingressgateway.istio-system.
  Removed policy/v1, Kind=PodDisruptionBudget/istiod.istio-system.
  Removed autoscaling/v2, Kind=HorizontalPodAutoscaler/istio-ingressgateway.istio-system.
  Removed autoscaling/v2, Kind=HorizontalPodAutoscaler/istiod.istio-system.
  Removed admissionregistration.k8s.io/v1, Kind=MutatingWebhookConfiguration/istio-revision-tag-default..
  Removed admissionregistration.k8s.io/v1, Kind=MutatingWebhookConfiguration/istio-sidecar-injector..
  Removed admissionregistration.k8s.io/v1, Kind=ValidatingWebhookConfiguration/istio-validator-istio-system..
  Removed admissionregistration.k8s.io/v1, Kind=ValidatingWebhookConfiguration/istiod-default-validator..
  Removed rbac.authorization.k8s.io/v1, Kind=ClusterRole/istio-reader-clusterrole-istio-system..
  Removed rbac.authorization.k8s.io/v1, Kind=ClusterRole/istiod-clusterrole-istio-system..
  Removed rbac.authorization.k8s.io/v1, Kind=ClusterRole/istiod-gateway-controller-istio-system..
  Removed rbac.authorization.k8s.io/v1, Kind=ClusterRoleBinding/istio-reader-clusterrole-istio-system..
  Removed rbac.authorization.k8s.io/v1, Kind=ClusterRoleBinding/istiod-clusterrole-istio-system..
  Removed rbac.authorization.k8s.io/v1, Kind=ClusterRoleBinding/istiod-gateway-controller-istio-system..
  Removed apiextensions.k8s.io/v1, Kind=CustomResourceDefinition/authorizationpolicies.security.istio.io..
  Removed apiextensions.k8s.io/v1, Kind=CustomResourceDefinition/destinationrules.networking.istio.io..
  Removed apiextensions.k8s.io/v1, Kind=CustomResourceDefinition/envoyfilters.networking.istio.io..
  Removed apiextensions.k8s.io/v1, Kind=CustomResourceDefinition/gateways.networking.istio.io..
  Removed apiextensions.k8s.io/v1, Kind=CustomResourceDefinition/peerauthentications.security.istio.io..
  Removed apiextensions.k8s.io/v1, Kind=CustomResourceDefinition/proxyconfigs.networking.istio.io..
  Removed apiextensions.k8s.io/v1, Kind=CustomResourceDefinition/requestauthentications.security.istio.io..
  Removed apiextensions.k8s.io/v1, Kind=CustomResourceDefinition/serviceentries.networking.istio.io..
  Removed apiextensions.k8s.io/v1, Kind=CustomResourceDefinition/sidecars.networking.istio.io..
  Removed apiextensions.k8s.io/v1, Kind=CustomResourceDefinition/telemetries.telemetry.istio.io..
  Removed apiextensions.k8s.io/v1, Kind=CustomResourceDefinition/virtualservices.networking.istio.io..
  Removed apiextensions.k8s.io/v1, Kind=CustomResourceDefinition/wasmplugins.extensions.istio.io..
  Removed apiextensions.k8s.io/v1, Kind=CustomResourceDefinition/workloadentries.networking.istio.io..
  Removed apiextensions.k8s.io/v1, Kind=CustomResourceDefinition/workloadgroups.networking.istio.io..

✔ Uninstall completelease.coordination.k8s.io "istiod-key-curator-leader" deleted from istio-system namespace
pod/istiod-fb9866b9d-8ck24 condition met
pod/istio-ingressgateway-745cc59f79-5clq5 condition met
pod/istio-ingressgateway-745cc59f79-75kp5 condition met
pod/istio-ingressgateway-745cc59f79-dmzr6 condition met
pod/istio-ingressgateway-745cc59f79-gq2nc condition met
pod/istio-ingressgateway-745cc59f79-jcjps condition met
pod/istio-ingressgateway-745cc59f79-k98s4 condition met
pod/istio-ingressgateway-745cc59f79-ptqpm condition met
pod/istio-ingressgateway-745cc59f79-qt4z6 condition met
pod/istio-ingressgateway-745cc59f79-xg5bx condition met
pod/istio-ingressgateway-745cc59f79-xxpx5 condition met
pod "kube-apiserver-node-0" deleted from kube-system namespace
pod "kube-apiserver-node-1" deleted from kube-system namespace
API server count: 2. Waiting for all kube-apiserver pods to become Ready...
All kube-apiserver pods are Ready
Creating TPMs on all nodes...
Warning: Permanently added 'pc772.emulab.net' (ED25519) to the list of known hosts.
Warning: Permanently added 'pc772.emulab.net' (ED25519) to the list of known hosts.
--> Creating tpm state folder in /tpm/myvtpm2.
--> Creating tpm state folder in /tpm/myvtpm2.
--> Creating tpm with swtpm_setup.
--> Creating tpm with swtpm_setup.
Starting vTPM manufacturing as root:root @ Sun 06 Sep 2026 02:20:01 PM MDT
Apply profile: {"Name": "default-v1"}
TPM is listening on Unix socket.
Starting vTPM manufacturing as root:root @ Sun 06 Sep 2026 02:20:01 PM MDT
Apply profile: {"Name": "default-v1"}
Active profile: {"Name":"default-v1","StateFormatLevel":7,"Commands":"0x11f-0x122,0x124-0x12e,0x130-0x140,0x142-0x159,0x15b-0x15e,0x160-0x165,0x167-0x174,0x176-0x178,0x17a-0x193,0x197,0x199-0x19c","Algorithms":"rsa,rsa-min-size=1024,tdes,tdes-min-size=128,sha1,hmac,aes,aes-min-size=128,mgf1,keyedhash,xor,sha256,sha384,sha512,null,rsassa,rsaes,rsapss,oaep,ecdsa,ecdh,ecdaa,sm2,ecschnorr,ecmqv,kdf1-sp800-56a,kdf2,kdf1-sp800-108,ecc,ecc-min-size=192,ecc-nist,ecc-bn,ecc-sm2-p256,symcipher,camellia,camellia-min-size=128,cmac,ctr,ofb,cbc,cfb,ecb","Description":"This profile enables all libtpms v0.10-supported commands and algorithms. This profile is compatible with libtpms >= v0.10."}
TPM is listening on Unix socket.
Active profile: {"Name":"default-v1","StateFormatLevel":7,"Commands":"0x11f-0x122,0x124-0x12e,0x130-0x140,0x142-0x159,0x15b-0x15e,0x160-0x165,0x167-0x174,0x176-0x178,0x17a-0x193,0x197,0x199-0x19c","Algorithms":"rsa,rsa-min-size=1024,tdes,tdes-min-size=128,sha1,hmac,aes,aes-min-size=128,mgf1,keyedhash,xor,sha256,sha384,sha512,null,rsassa,rsaes,rsapss,oaep,ecdsa,ecdh,ecdaa,sm2,ecschnorr,ecmqv,kdf1-sp800-56a,kdf2,kdf1-sp800-108,ecc,ecc-min-size=192,ecc-nist,ecc-bn,ecc-sm2-p256,symcipher,camellia,camellia-min-size=128,cmac,ctr,ofb,cbc,cfb,ecb","Description":"This profile enables all libtpms v0.10-supported commands and algorithms. This profile is compatible with libtpms >= v0.10."}
Successfully created RSA 2048 EK with handle 0x81010001.
  Invoking /usr/bin/swtpm_localca --type ek --ek 9473409e235650bb453d32b72d963de3cc7b78348d588a5493c3992f042cd98cbb8b8b05a5d95505c7e175c4a89dba0855dc7b4e4ff0ce496a1d3472e6464351a7e378668e2187812377d5d00677de9363ba0249b68c0fe07b254110e06a59c212d97773186f5aff438cb10b27eb202855736ecb56f7eebf69415c592015b9218a71b5ca49e535768a4d307b927674f523a4124a44ea1ccfd6885d4b814325207948d67558c2629a5df1a040fe4f2cadf6cc6048eb260738a0dd070df6a64b0361c47a410aed5310d6549509aac9c0da137556984b4569179241dc0dea675886527a8916703e662ffe2462cb43811d90c70bdf0791ec8f81e16be392613dcf2b --dir /tmp/swtpm_setup.certs.TR45U3 --tpm-spec-family 2.0 --tpm-spec-level 0 --tpm-spec-revision 183 --tpm-manufacturer id:00001014 --tpm-model swtpm --tpm-version id:20240125 --tpm2 --configfile /etc/swtpm-localca.conf --optsfile /etc/swtpm-localca.options
swtpm_localca: Successfully created EK certificate locally.
  Invoking /usr/bin/swtpm_localca --type platform --ek 9473409e235650bb453d32b72d963de3cc7b78348d588a5493c3992f042cd98cbb8b8b05a5d95505c7e175c4a89dba0855dc7b4e4ff0ce496a1d3472e6464351a7e378668e2187812377d5d00677de9363ba0249b68c0fe07b254110e06a59c212d97773186f5aff438cb10b27eb202855736ecb56f7eebf69415c592015b9218a71b5ca49e535768a4d307b927674f523a4124a44ea1ccfd6885d4b814325207948d67558c2629a5df1a040fe4f2cadf6cc6048eb260738a0dd070df6a64b0361c47a410aed5310d6549509aac9c0da137556984b4569179241dc0dea675886527a8916703e662ffe2462cb43811d90c70bdf0791ec8f81e16be392613dcf2b --dir /tmp/swtpm_setup.certs.TR45U3 --tpm-spec-family 2.0 --tpm-spec-level 0 --tpm-spec-revision 183 --tpm-manufacturer id:00001014 --tpm-model swtpm --tpm-version id:20240125 --tpm2 --configfile /etc/swtpm-localca.conf --optsfile /etc/swtpm-localca.options
swtpm_localca: Successfully created platform certificate locally.
Successfully created NVRAM area 0x1c00002 for RSA 2048 EK certificate.
Successfully created NVRAM area 0x1c08000 for platform certificate.
Successfully created ECC EK with handle 0x81010016.
  Invoking /usr/bin/swtpm_localca --type ek --ek x=b1075aee0dbd092aa588c152d3d9bbded0a810e3e133b0e5b63a9daad54956892f745d6d853b2918371262761fdbdb8f,y=8f69f2c2ff19c4036bea15fd77246f27b954da84629de6e8b73ea15f7aa210434041cd9fab0795d50f40800f98fe8906,id=secp384r1 --dir /tmp/swtpm_setup.certs.TR45U3 --tpm-spec-family 2.0 --tpm-spec-level 0 --tpm-spec-revision 183 --tpm-manufacturer id:00001014 --tpm-model swtpm --tpm-version id:20240125 --tpm2 --configfile /etc/swtpm-localca.conf --optsfile /etc/swtpm-localca.options
swtpm_localca: Successfully created EK certificate locally.
Successfully created NVRAM area 0x1c00016 for ECC EK certificate.
Successfully activated PCR banks sha256 among sha1,sha256,sha384,sha512.
Successfully authored TPM state.
Ending vTPM manufacturing @ Sun 06 Sep 2026 02:20:01 PM MDT
Successfully created RSA 2048 EK with handle 0x81010001.
  Invoking /usr/bin/swtpm_localca --type ek --ek 9bfdc5fd07781bdbd7d9ee2162741bbf85e3e7992ec5134265c6cc94e103a400d930132ec189e3b149a43fdb2463d2a5553e11c13c3453163c2785af6316716770e34f8c57b716ad5b5dbd8caf2c256a1fce04e9df46dc7bd43dbba78c13bb1c2130c462525c24d35251bb73f49917d222200a0196934fb16caff5cb32a26945916ef1c5ce72cc4864ac961ee5e5366727c23132a2fc427b05a8071981c74f62a4a3ab0f2ed8f66629116f5a5565dadc0f672f584ccd406db387c8306569ce2dacc53f8492d23563ae065bb6725ce6b68cbc1996826caf5d9223f6478f5cb2cdbee08e7fbc48af3c2bb90e61d1a3583f2587757810f4b9259bcb7e04ea7dab09 --dir /tmp/swtpm_setup.certs.2C20U3 --tpm-spec-family 2.0 --tpm-spec-level 0 --tpm-spec-revision 183 --tpm-manufacturer id:00001014 --tpm-model swtpm --tpm-version id:20240125 --tpm2 --configfile /etc/swtpm-localca.conf --optsfile /etc/swtpm-localca.options
swtpm_localca: Successfully created EK certificate locally.
  Invoking /usr/bin/swtpm_localca --type platform --ek 9bfdc5fd07781bdbd7d9ee2162741bbf85e3e7992ec5134265c6cc94e103a400d930132ec189e3b149a43fdb2463d2a5553e11c13c3453163c2785af6316716770e34f8c57b716ad5b5dbd8caf2c256a1fce04e9df46dc7bd43dbba78c13bb1c2130c462525c24d35251bb73f49917d222200a0196934fb16caff5cb32a26945916ef1c5ce72cc4864ac961ee5e5366727c23132a2fc427b05a8071981c74f62a4a3ab0f2ed8f66629116f5a5565dadc0f672f584ccd406db387c8306569ce2dacc53f8492d23563ae065bb6725ce6b68cbc1996826caf5d9223f6478f5cb2cdbee08e7fbc48af3c2bb90e61d1a3583f2587757810f4b9259bcb7e04ea7dab09 --dir /tmp/swtpm_setup.certs.2C20U3 --tpm-spec-family 2.0 --tpm-spec-level 0 --tpm-spec-revision 183 --tpm-manufacturer id:00001014 --tpm-model swtpm --tpm-version id:20240125 --tpm2 --configfile /etc/swtpm-localca.conf --optsfile /etc/swtpm-localca.options
swtpm_localca: Successfully created platform certificate locally.
Successfully created NVRAM area 0x1c00002 for RSA 2048 EK certificate.
Successfully created NVRAM area 0x1c08000 for platform certificate.
Successfully created ECC EK with handle 0x81010016.
  Invoking /usr/bin/swtpm_localca --type ek --ek x=82a09d25bfa818d2c58f04c1b89a553435077af1c60821e40840904c4cc8fe89a19a82a13c25c20db8123875b906da52,y=f4761eb59f934b7721e64cbd85ff3f812552e463a1320deb52615123052ef6349334eda13acffbcf299a22c9b01b9402,id=secp384r1 --dir /tmp/swtpm_setup.certs.2C20U3 --tpm-spec-family 2.0 --tpm-spec-level 0 --tpm-spec-revision 183 --tpm-manufacturer id:00001014 --tpm-model swtpm --tpm-version id:20240125 --tpm2 --configfile /etc/swtpm-localca.conf --optsfile /etc/swtpm-localca.options
swtpm_localca: Successfully created EK certificate locally.
Successfully created NVRAM area 0x1c00016 for ECC EK certificate.
Successfully activated PCR banks sha256 among sha1,sha256,sha384,sha512.
Successfully authored TPM state.
Ending vTPM manufacturing @ Sun 06 Sep 2026 02:20:01 PM MDT
--> Creating /dev/tpmrm0 device with swtpm_cuse.
--> Creating /dev/tpmrm0 device with swtpm_cuse.
TPMs created on all nodes
Using strategy: st5-AttUpd
Deploying Mazu ConfigMap to namespace: default
configmap "mazu-config" deleted from default namespace
configmap/mazu-config created
Deploying Mazu ConfigMap to namespace: istio-system
configmap "mazu-config" deleted from istio-system namespace
configmap/mazu-config created
Deploying RBE PP ConfigMap to namespace: default
configmap "rbe-pp" deleted from default namespace
configmap/rbe-pp created
Deploying RBE PP ConfigMap to namespace: istio-system
configmap "rbe-pp" deleted from istio-system namespace
configmap/rbe-pp created
"k8s-tpm-device" already exists with the same configuration, skipping
Hang tight while we grab the latest from your chart repositories...
...Successfully got an update from the "k8s-tpm-device" chart repository
Update Complete. ⎈Happy Helming!⎈
Release "k8s-tpm-device" has been upgraded. Happy Helming!
NAME: k8s-tpm-device
LAST DEPLOYED: Sun Sep  6 14:21:05 2026
NAMESPACE: tpm-device
STATUS: deployed
REVISION: 28
TEST SUITE: None
Deploying TPM public key ConfigMap to namespace: default
configmap "tpm-pubkey" deleted from default namespace
configmap/tpm-pubkey created
Deploying TPM public key ConfigMap to namespace: istio-system
configmap "tpm-pubkey" deleted from istio-system namespace
configmap/tpm-pubkey created
secret "tpm-keys" deleted from istio-system namespace
secret/tpm-keys created
Strategy: st5-AttUpd | Tag: st5-AttUpd | Duration: 120 seconds | RPS: 1000
Results Directory: /users/apoudel/DeathStarBench/socialNetwork/20260906_142106/st5-AttUpd-120
Output File: /users/apoudel/DeathStarBench/socialNetwork/20260906_142106/st5-AttUpd-120/1000.txt
/users/apoudel/DeathStarBench/socialNetwork
[1;30;44mMazu:[0m Installing Istio....
service "etcd" deleted from istio-system namespace
statefulset.apps "etcd" deleted from istio-system namespace
persistentvolumeclaim "etcd-data-etcd-0" deleted from istio-system namespace
Error from server (AlreadyExists): namespaces "istio-system" already exists
namespace already exists
service/etcd created
statefulset.apps/etcd created
        |\          
        | \         
        |  \        
        |   \       
      /||    \      
     / ||     \     
    /  ||      \    
   /   ||       \   
  /    ||        \  
 /     ||         \ 
/______||__________\
____________________
  \__       _____/  
     \_____/        

WARNING: Istio 1.24.0 may be out of support (EOL) already: see https://istio.io/latest/docs/releases/supported-releases/ for supported releases

- Processing resources for Istio core.
- Processing resources for Istio core. Waiting for CustomResourceDefinition/, CustomResourceDefin...
✔ Istio core installed ⛵️
- Processing resources for Istiod.
- Processing resources for Istiod. Waiting for Deployment/istio-system/istiod
✔ Istiod installed 🧠
- Processing resources for Ingress gateways.
- Processing resources for Ingress gateways. Waiting for Deployment/istio-system/istio-ingressgat...
✔ Ingress gateways installed 🛬
- Pruning removed resources
✔ Installation completeclusterrole.rbac.authorization.k8s.io/token-review-role unchanged
clusterrolebinding.rbac.authorization.k8s.io/token-review-binding unchanged
role.rbac.authorization.k8s.io/leader-election-key-curator-role unchanged
rolebinding.rbac.authorization.k8s.io/leader-election-key-curator-role-binding unchanged
namespace/default not labeled
peerauthentication.security.istio.io/default created
pod/istiod-fb9866b9d-p6xvf condition met
pod/istio-ingressgateway-745cc59f79-xthkl condition met
service/details created
serviceaccount/bookinfo-details created
deployment.apps/details-v1 created
service/ratings created
serviceaccount/bookinfo-ratings created
deployment.apps/ratings-v1 created
service/reviews created
serviceaccount/bookinfo-reviews created
deployment.apps/reviews-v1 created
deployment.apps/reviews-v2 created
deployment.apps/reviews-v3 created
service/productpage created
serviceaccount/bookinfo-productpage created
deployment.apps/productpage-v1 created
gateway.networking.istio.io/bookinfo-gateway created
virtualservice.networking.istio.io/bookinfo created
CONN_REUSE=1: leaving connection pooling at the Envoy default
Waiting for rollouts (timeout 2220s each):
  deployment.apps/details-v1
  deployment.apps/ratings-v1
  deployment.apps/reviews-v1
  deployment.apps/reviews-v2
  deployment.apps/reviews-v3
  deployment.apps/productpage-v1
Waiting for deployment "details-v1" rollout to finish: 0 of 32 replicas are ready...
Waiting for deployment "details-v1" rollout to finish: 29 of 32 replicas are ready...
deployment "details-v1" successfully rolled out (32/32 ready)
Waiting for deployment "ratings-v1" rollout to finish: 16 of 32 replicas are ready...
Waiting for deployment "ratings-v1" rollout to finish: 26 of 32 replicas are ready...
Waiting for deployment "ratings-v1" rollout to finish: 31 of 32 replicas are ready...
deployment "ratings-v1" successfully rolled out (32/32 ready)
deployment "reviews-v1" successfully rolled out (32/32 ready)
deployment "reviews-v2" successfully rolled out (32/32 ready)
deployment "reviews-v3" successfully rolled out (32/32 ready)
Waiting for deployment "productpage-v1" rollout to finish: 31 of 32 replicas are ready...
deployment "productpage-v1" successfully rolled out (32/32 ready)
pod/istiod-fb9866b9d-p6xvf condition met
pod/istio-ingressgateway-745cc59f79-728hc condition met
pod/istio-ingressgateway-745cc59f79-brwfk condition met
pod/istio-ingressgateway-745cc59f79-g4pbq condition met
pod/istio-ingressgateway-745cc59f79-hgwfd condition met
pod/istio-ingressgateway-745cc59f79-jw47z condition met
pod/istio-ingressgateway-745cc59f79-lhsc8 condition met
pod/istio-ingressgateway-745cc59f79-q5n4f condition met
pod/istio-ingressgateway-745cc59f79-scq6g condition met
pod/istio-ingressgateway-745cc59f79-xthkl condition met
pod/istio-ingressgateway-745cc59f79-ztlxq condition met
Ingress: 155.98.38.240:80
Strategy: st5-AttUpd | Tag: st5-AttUpd | Duration: 120 seconds | RPS: 1000
Results Directory: /users/apoudel/DeathStarBench/socialNetwork/20260906_142201/st5-AttUpd-120
Output File: /users/apoudel/DeathStarBench/socialNetwork/20260906_142201/st5-AttUpd-120/1000.txt
/users/apoudel/DeathStarBench/socialNetwork
[1;30;44mMazu:[0m Uninstalling Prometheus from istio-system....
Strategy: st5-AttUpd | Tag: st5-AttUpd | Duration: 120 seconds | RPS: 1000
Results Directory: /users/apoudel/DeathStarBench/socialNetwork/20260906_142201/st5-AttUpd-120
Output File: /users/apoudel/DeathStarBench/socialNetwork/20260906_142201/st5-AttUpd-120/1000.txt
/users/apoudel/DeathStarBench/socialNetwork
[1;30;44mMazu:[0m Installing Prometheus in istio-system....
serviceaccount/prometheus created
configmap/prometheus created
clusterrole.rbac.authorization.k8s.io/prometheus created
clusterrolebinding.rbac.authorization.k8s.io/prometheus created
service/prometheus created
deployment.apps/prometheus created
pod/prometheus-c9ff75ddb-q4frb condition met
[1;30;44mMazu:[0m Prometheus is ready.
Waiting for Prometheus pod to be Running...
pod/prometheus-c9ff75ddb-q4frb condition met
Forwarding from 127.0.0.1:9091 -> 9090
Forwarding from [::1]:9091 -> 9090
Waiting for Prometheus to be reachable at http://localhost:9091...
Handling connection for 9091
Prometheus is reachable at http://localhost:9091
--- Running RPS=100 for 120s ---
Running wrk2 with STRAT=st5-AttUpd, RPS=100, DURATION=120s. Output: /users/apoudel/DeathStarBench/socialNetwork/results/benchmark1.5b-replica-scale-09-05-26_195041/scale-32x/st5-AttUpd/100.txt
wrk2 results saved to /users/apoudel/DeathStarBench/socialNetwork/results/benchmark1.5b-replica-scale-09-05-26_195041/scale-32x/st5-AttUpd/100.txt
Collecting metrics from Prometheus (http://localhost:9091)
  Window: 2026-09-06 14:22:10 -> 2026-09-06 14:24:10 (120s)
  Output: /users/apoudel/DeathStarBench/socialNetwork/results/benchmark1.5b-replica-scale-09-05-26_195041/scale-32x/st5-AttUpd/metrics_100.json
Handling connection for 9091
Handling connection for 9091
Handling connection for 9091
Handling connection for 9091
Handling connection for 9091
Handling connection for 9091
Metrics saved to /users/apoudel/DeathStarBench/socialNetwork/results/benchmark1.5b-replica-scale-09-05-26_195041/scale-32x/st5-AttUpd/metrics_100.json
--- RPS=100 complete ---
--- Running RPS=200 for 120s ---
Running wrk2 with STRAT=st5-AttUpd, RPS=200, DURATION=120s. Output: /users/apoudel/DeathStarBench/socialNetwork/results/benchmark1.5b-replica-scale-09-05-26_195041/scale-32x/st5-AttUpd/200.txt
wrk2 results saved to /users/apoudel/DeathStarBench/socialNetwork/results/benchmark1.5b-replica-scale-09-05-26_195041/scale-32x/st5-AttUpd/200.txt
Collecting metrics from Prometheus (http://localhost:9091)
  Window: 2026-09-06 14:24:11 -> 2026-09-06 14:26:11 (120s)
  Output: /users/apoudel/DeathStarBench/socialNetwork/results/benchmark1.5b-replica-scale-09-05-26_195041/scale-32x/st5-AttUpd/metrics_200.json
Handling connection for 9091
Handling connection for 9091
Handling connection for 9091
Handling connection for 9091
Handling connection for 9091
Handling connection for 9091
Metrics saved to /users/apoudel/DeathStarBench/socialNetwork/results/benchmark1.5b-replica-scale-09-05-26_195041/scale-32x/st5-AttUpd/metrics_200.json
--- RPS=200 complete ---
--- Running RPS=400 for 120s ---
Running wrk2 with STRAT=st5-AttUpd, RPS=400, DURATION=120s. Output: /users/apoudel/DeathStarBench/socialNetwork/results/benchmark1.5b-replica-scale-09-05-26_195041/scale-32x/st5-AttUpd/400.txt
wrk2 results saved to /users/apoudel/DeathStarBench/socialNetwork/results/benchmark1.5b-replica-scale-09-05-26_195041/scale-32x/st5-AttUpd/400.txt
Collecting metrics from Prometheus (http://localhost:9091)
  Window: 2026-09-06 14:26:13 -> 2026-09-06 14:28:13 (120s)
  Output: /users/apoudel/DeathStarBench/socialNetwork/results/benchmark1.5b-replica-scale-09-05-26_195041/scale-32x/st5-AttUpd/metrics_400.json
Handling connection for 9091
Handling connection for 9091
Handling connection for 9091
Handling connection for 9091
Handling connection for 9091
Handling connection for 9091
Metrics saved to /users/apoudel/DeathStarBench/socialNetwork/results/benchmark1.5b-replica-scale-09-05-26_195041/scale-32x/st5-AttUpd/metrics_400.json
--- RPS=400 complete ---
--- Running RPS=800 for 120s ---
Running wrk2 with STRAT=st5-AttUpd, RPS=800, DURATION=120s. Output: /users/apoudel/DeathStarBench/socialNetwork/results/benchmark1.5b-replica-scale-09-05-26_195041/scale-32x/st5-AttUpd/800.txt
wrk2 results saved to /users/apoudel/DeathStarBench/socialNetwork/results/benchmark1.5b-replica-scale-09-05-26_195041/scale-32x/st5-AttUpd/800.txt
Collecting metrics from Prometheus (http://localhost:9091)
  Window: 2026-09-06 14:28:15 -> 2026-09-06 14:30:15 (120s)
  Output: /users/apoudel/DeathStarBench/socialNetwork/results/benchmark1.5b-replica-scale-09-05-26_195041/scale-32x/st5-AttUpd/metrics_800.json
Handling connection for 9091
Handling connection for 9091
Handling connection for 9091
Handling connection for 9091
Handling connection for 9091
Handling connection for 9091
Metrics saved to /users/apoudel/DeathStarBench/socialNetwork/results/benchmark1.5b-replica-scale-09-05-26_195041/scale-32x/st5-AttUpd/metrics_800.json
--- RPS=800 complete ---
--- Running RPS=1200 for 120s ---
Running wrk2 with STRAT=st5-AttUpd, RPS=1200, DURATION=120s. Output: /users/apoudel/DeathStarBench/socialNetwork/results/benchmark1.5b-replica-scale-09-05-26_195041/scale-32x/st5-AttUpd/1200.txt
wrk2 results saved to /users/apoudel/DeathStarBench/socialNetwork/results/benchmark1.5b-replica-scale-09-05-26_195041/scale-32x/st5-AttUpd/1200.txt
Collecting metrics from Prometheus (http://localhost:9091)
  Window: 2026-09-06 14:30:17 -> 2026-09-06 14:32:17 (120s)
  Output: /users/apoudel/DeathStarBench/socialNetwork/results/benchmark1.5b-replica-scale-09-05-26_195041/scale-32x/st5-AttUpd/metrics_1200.json
Handling connection for 9091
Handling connection for 9091
Handling connection for 9091
Handling connection for 9091
Handling connection for 9091
Handling connection for 9091
Metrics saved to /users/apoudel/DeathStarBench/socialNetwork/results/benchmark1.5b-replica-scale-09-05-26_195041/scale-32x/st5-AttUpd/metrics_1200.json
--- RPS=1200 complete ---
--- Running RPS=1600 for 120s ---
Running wrk2 with STRAT=st5-AttUpd, RPS=1600, DURATION=120s. Output: /users/apoudel/DeathStarBench/socialNetwork/results/benchmark1.5b-replica-scale-09-05-26_195041/scale-32x/st5-AttUpd/1600.txt
wrk2 results saved to /users/apoudel/DeathStarBench/socialNetwork/results/benchmark1.5b-replica-scale-09-05-26_195041/scale-32x/st5-AttUpd/1600.txt
Collecting metrics from Prometheus (http://localhost:9091)
  Window: 2026-09-06 14:32:19 -> 2026-09-06 14:34:19 (120s)
  Output: /users/apoudel/DeathStarBench/socialNetwork/results/benchmark1.5b-replica-scale-09-05-26_195041/scale-32x/st5-AttUpd/metrics_1600.json
Handling connection for 9091
Handling connection for 9091
Handling connection for 9091
Handling connection for 9091
Handling connection for 9091
Handling connection for 9091
Metrics saved to /users/apoudel/DeathStarBench/socialNetwork/results/benchmark1.5b-replica-scale-09-05-26_195041/scale-32x/st5-AttUpd/metrics_1600.json
--- RPS=1600 complete ---
--- Running RPS=2000 for 120s ---
Running wrk2 with STRAT=st5-AttUpd, RPS=2000, DURATION=120s. Output: /users/apoudel/DeathStarBench/socialNetwork/results/benchmark1.5b-replica-scale-09-05-26_195041/scale-32x/st5-AttUpd/2000.txt
wrk2 results saved to /users/apoudel/DeathStarBench/socialNetwork/results/benchmark1.5b-replica-scale-09-05-26_195041/scale-32x/st5-AttUpd/2000.txt
Collecting metrics from Prometheus (http://localhost:9091)
  Window: 2026-09-06 14:34:21 -> 2026-09-06 14:36:21 (120s)
  Output: /users/apoudel/DeathStarBench/socialNetwork/results/benchmark1.5b-replica-scale-09-05-26_195041/scale-32x/st5-AttUpd/metrics_2000.json
Handling connection for 9091
Handling connection for 9091
Handling connection for 9091
Handling connection for 9091
Handling connection for 9091
Handling connection for 9091
Metrics saved to /users/apoudel/DeathStarBench/socialNetwork/results/benchmark1.5b-replica-scale-09-05-26_195041/scale-32x/st5-AttUpd/metrics_2000.json
--- RPS=2000 complete ---
Strategy: st5-AttUpd | Tag: st5-AttUpd | Duration: 120 seconds | RPS: 2000
Results Directory: /users/apoudel/DeathStarBench/socialNetwork/20260906_143623/st5-AttUpd-120
Output File: /users/apoudel/DeathStarBench/socialNetwork/20260906_143623/st5-AttUpd-120/2000.txt
/users/apoudel/DeathStarBench/socialNetwork
[1;30;44mMazu:[0m Uninstalling Prometheus from istio-system....
serviceaccount "prometheus" deleted from istio-system namespace
configmap "prometheus" deleted from istio-system namespace
clusterrole.rbac.authorization.k8s.io "prometheus" deleted
clusterrolebinding.rbac.authorization.k8s.io "prometheus" deleted
service "prometheus" deleted from istio-system namespace
deployment.apps "prometheus" deleted from istio-system namespace
Generated /users/apoudel/DeathStarBench/socialNetwork/results/benchmark1.5b-replica-scale-09-05-26_195041/scale-32x/st5-AttUpd/cpu.dat and /users/apoudel/DeathStarBench/socialNetwork/results/benchmark1.5b-replica-scale-09-05-26_195041/scale-32x/st5-AttUpd/memory.dat
=== Benchmark 1.5b (no-scale) sweep completed at Sun Sep  6 02:36:23 PM MDT 2026 for st5-AttUpd ===
=== Benchmark 1.5b (no-scale) sweep started at Sun Sep  6 02:36:23 PM MDT 2026 for istio ===
Strategy: istio | Tag: istio | Duration: 120 seconds | RPS: 1000
Results Directory: /users/apoudel/DeathStarBench/socialNetwork/20260906_143623/istio-120
Output File: /users/apoudel/DeathStarBench/socialNetwork/20260906_143623/istio-120/1000.txt
/users/apoudel/DeathStarBench/socialNetwork
[1;30;44mMazu:[0m Uninstalling Bookinfo application....
service "details" deleted from default namespace
serviceaccount "bookinfo-details" deleted from default namespace
deployment.apps "details-v1" deleted from default namespace
service "ratings" deleted from default namespace
serviceaccount "bookinfo-ratings" deleted from default namespace
deployment.apps "ratings-v1" deleted from default namespace
service "reviews" deleted from default namespace
serviceaccount "bookinfo-reviews" deleted from default namespace
deployment.apps "reviews-v1" deleted from default namespace
deployment.apps "reviews-v2" deleted from default namespace
deployment.apps "reviews-v3" deleted from default namespace
service "productpage" deleted from default namespace
serviceaccount "bookinfo-productpage" deleted from default namespace
deployment.apps "productpage-v1" deleted from default namespace
gateway.networking.istio.io "bookinfo-gateway" deleted from default namespace
virtualservice.networking.istio.io "bookinfo" deleted from default namespace
Error from server (NotFound): error when deleting "/users/apoudel/DeathStarBench/socialNetwork/scratch/yaml/bf-hpa.yaml": horizontalpodautoscalers.autoscaling "details-hpa" not found
Error from server (NotFound): error when deleting "/users/apoudel/DeathStarBench/socialNetwork/scratch/yaml/bf-hpa.yaml": horizontalpodautoscalers.autoscaling "ratings-hpa" not found
Error from server (NotFound): error when deleting "/users/apoudel/DeathStarBench/socialNetwork/scratch/yaml/bf-hpa.yaml": horizontalpodautoscalers.autoscaling "reviews-v1-hpa" not found
Error from server (NotFound): error when deleting "/users/apoudel/DeathStarBench/socialNetwork/scratch/yaml/bf-hpa.yaml": horizontalpodautoscalers.autoscaling "reviews-v2-hpa" not found
Error from server (NotFound): error when deleting "/users/apoudel/DeathStarBench/socialNetwork/scratch/yaml/bf-hpa.yaml": horizontalpodautoscalers.autoscaling "reviews-v3-hpa" not found
Error from server (NotFound): error when deleting "/users/apoudel/DeathStarBench/socialNetwork/scratch/yaml/bf-hpa.yaml": horizontalpodautoscalers.autoscaling "productpage-hpa" not found
pod/details-v1-5bff6c89bf-277bf condition met
pod/details-v1-5bff6c89bf-2bsmx condition met
pod/details-v1-5bff6c89bf-2w64n condition met
pod/details-v1-5bff6c89bf-4cnvq condition met
pod/details-v1-5bff6c89bf-4s4hg condition met
pod/details-v1-5bff6c89bf-5n5ct condition met
pod/details-v1-5bff6c89bf-746ll condition met
pod/details-v1-5bff6c89bf-7pg6n condition met
pod/details-v1-5bff6c89bf-c2pqh condition met
pod/details-v1-5bff6c89bf-c7dp6 condition met
pod/details-v1-5bff6c89bf-d9q7m condition met
pod/details-v1-5bff6c89bf-dmfnm condition met
pod/details-v1-5bff6c89bf-dnmsz condition met
pod/details-v1-5bff6c89bf-drxx2 condition met
pod/details-v1-5bff6c89bf-fjhns condition met
pod/details-v1-5bff6c89bf-g5hkd condition met
pod/details-v1-5bff6c89bf-hq4xk condition met
pod/details-v1-5bff6c89bf-htxfn condition met
pod/details-v1-5bff6c89bf-j8x7k condition met
pod/details-v1-5bff6c89bf-jddgk condition met
pod/details-v1-5bff6c89bf-jp2km condition met
pod/details-v1-5bff6c89bf-js99l condition met
pod/details-v1-5bff6c89bf-jvb87 condition met
pod/details-v1-5bff6c89bf-kc9sh condition met
pod/details-v1-5bff6c89bf-lpw6w condition met
pod/details-v1-5bff6c89bf-n9gh4 condition met
pod/details-v1-5bff6c89bf-pwbxh condition met
pod/details-v1-5bff6c89bf-rbn69 condition met
pod/details-v1-5bff6c89bf-sj46s condition met
pod/details-v1-5bff6c89bf-sptt5 condition met
pod/details-v1-5bff6c89bf-vg8kg condition met
pod/details-v1-5bff6c89bf-zgdw5 condition met
pod/productpage-v1-5fbc448f49-25fhf condition met
pod/productpage-v1-5fbc448f49-2c959 condition met
pod/productpage-v1-5fbc448f49-2vmhk condition met
pod/productpage-v1-5fbc448f49-5b8gb condition met
pod/productpage-v1-5fbc448f49-69h79 condition met
pod/productpage-v1-5fbc448f49-76hwp condition met
pod/productpage-v1-5fbc448f49-76pxf condition met
pod/productpage-v1-5fbc448f49-7gbbg condition met
pod/productpage-v1-5fbc448f49-9th6w condition met
pod/productpage-v1-5fbc448f49-bh2g5 condition met
pod/productpage-v1-5fbc448f49-bjx85 condition met
pod/productpage-v1-5fbc448f49-bkxmr condition met
pod/productpage-v1-5fbc448f49-bw5rn condition met
pod/productpage-v1-5fbc448f49-cg92v condition met
pod/productpage-v1-5fbc448f49-cj9t6 condition met
pod/productpage-v1-5fbc448f49-df7qw condition met
pod/productpage-v1-5fbc448f49-dwmd8 condition met
pod/productpage-v1-5fbc448f49-gfxm5 condition met
pod/productpage-v1-5fbc448f49-gt2d5 condition met
pod/productpage-v1-5fbc448f49-gt4v5 condition met
pod/productpage-v1-5fbc448f49-hd2dt condition met
pod/productpage-v1-5fbc448f49-jvd7l condition met
pod/productpage-v1-5fbc448f49-lpr58 condition met
pod/productpage-v1-5fbc448f49-m4dxl condition met
pod/productpage-v1-5fbc448f49-mrcfd condition met
pod/productpage-v1-5fbc448f49-nnwss condition met
pod/productpage-v1-5fbc448f49-pff55 condition met
pod/productpage-v1-5fbc448f49-q8w88 condition met
pod/productpage-v1-5fbc448f49-qqnmz condition met
pod/productpage-v1-5fbc448f49-s4gr6 condition met
pod/productpage-v1-5fbc448f49-vnqbz condition met
pod/productpage-v1-5fbc448f49-zsgv9 condition met
Strategy: istio | Tag: istio | Duration: 120 seconds | RPS: 1000
Results Directory: /users/apoudel/DeathStarBench/socialNetwork/20260906_143643/istio-120
Output File: /users/apoudel/DeathStarBench/socialNetwork/20260906_143643/istio-120/1000.txt
/users/apoudel/DeathStarBench/socialNetwork
All Istio resources will be pruned from the cluster

  Removed apps/v1, Kind=Deployment/istio-ingressgateway.istio-system.
  Removed apps/v1, Kind=Deployment/istiod.istio-system.
  Removed /v1, Kind=Service/istio-ingressgateway.istio-system.
  Removed /v1, Kind=Service/istiod.istio-system.
  Removed /v1, Kind=ConfigMap/istio.istio-system.
  Removed /v1, Kind=ConfigMap/istio-sidecar-injector.istio-system.
  Removed /v1, Kind=Pod/istio-ingressgateway-745cc59f79-728hc.istio-system.
  Removed /v1, Kind=Pod/istio-ingressgateway-745cc59f79-brwfk.istio-system.
  Removed /v1, Kind=Pod/istio-ingressgateway-745cc59f79-g4pbq.istio-system.
  Removed /v1, Kind=Pod/istio-ingressgateway-745cc59f79-hgwfd.istio-system.
  Removed /v1, Kind=Pod/istio-ingressgateway-745cc59f79-jw47z.istio-system.
  Removed /v1, Kind=Pod/istio-ingressgateway-745cc59f79-lhsc8.istio-system.
  Removed /v1, Kind=Pod/istio-ingressgateway-745cc59f79-q5n4f.istio-system.
  Removed /v1, Kind=Pod/istio-ingressgateway-745cc59f79-scq6g.istio-system.
  Removed /v1, Kind=Pod/istio-ingressgateway-745cc59f79-xthkl.istio-system.
  Removed /v1, Kind=Pod/istio-ingressgateway-745cc59f79-ztlxq.istio-system.
  Removed /v1, Kind=Pod/istiod-fb9866b9d-p6xvf.istio-system.
  Removed /v1, Kind=ServiceAccount/istio-ingressgateway-service-account.istio-system.
  Removed /v1, Kind=ServiceAccount/istio-reader-service-account.istio-system.
  Removed /v1, Kind=ServiceAccount/istiod.istio-system.
  Removed rbac.authorization.k8s.io/v1, Kind=RoleBinding/istio-ingressgateway-sds.istio-system.
  Removed rbac.authorization.k8s.io/v1, Kind=RoleBinding/istiod.istio-system.
  Removed rbac.authorization.k8s.io/v1, Kind=Role/istio-ingressgateway-sds.istio-system.
  Removed rbac.authorization.k8s.io/v1, Kind=Role/istiod.istio-system.
  Removed policy/v1, Kind=PodDisruptionBudget/istio-ingressgateway.istio-system.
  Removed policy/v1, Kind=PodDisruptionBudget/istiod.istio-system.
  Removed autoscaling/v2, Kind=HorizontalPodAutoscaler/istio-ingressgateway.istio-system.
  Removed autoscaling/v2, Kind=HorizontalPodAutoscaler/istiod.istio-system.
  Removed admissionregistration.k8s.io/v1, Kind=MutatingWebhookConfiguration/istio-revision-tag-default..
  Removed admissionregistration.k8s.io/v1, Kind=MutatingWebhookConfiguration/istio-sidecar-injector..
  Removed admissionregistration.k8s.io/v1, Kind=ValidatingWebhookConfiguration/istio-validator-istio-system..
  Removed admissionregistration.k8s.io/v1, Kind=ValidatingWebhookConfiguration/istiod-default-validator..
  Removed rbac.authorization.k8s.io/v1, Kind=ClusterRole/istio-reader-clusterrole-istio-system..
  Removed rbac.authorization.k8s.io/v1, Kind=ClusterRole/istiod-clusterrole-istio-system..
  Removed rbac.authorization.k8s.io/v1, Kind=ClusterRole/istiod-gateway-controller-istio-system..
  Removed rbac.authorization.k8s.io/v1, Kind=ClusterRoleBinding/istio-reader-clusterrole-istio-system..
  Removed rbac.authorization.k8s.io/v1, Kind=ClusterRoleBinding/istiod-clusterrole-istio-system..
  Removed rbac.authorization.k8s.io/v1, Kind=ClusterRoleBinding/istiod-gateway-controller-istio-system..
  Removed apiextensions.k8s.io/v1, Kind=CustomResourceDefinition/authorizationpolicies.security.istio.io..
  Removed apiextensions.k8s.io/v1, Kind=CustomResourceDefinition/destinationrules.networking.istio.io..
  Removed apiextensions.k8s.io/v1, Kind=CustomResourceDefinition/envoyfilters.networking.istio.io..
  Removed apiextensions.k8s.io/v1, Kind=CustomResourceDefinition/gateways.networking.istio.io..
  Removed apiextensions.k8s.io/v1, Kind=CustomResourceDefinition/peerauthentications.security.istio.io..
  Removed apiextensions.k8s.io/v1, Kind=CustomResourceDefinition/proxyconfigs.networking.istio.io..
  Removed apiextensions.k8s.io/v1, Kind=CustomResourceDefinition/requestauthentications.security.istio.io..
  Removed apiextensions.k8s.io/v1, Kind=CustomResourceDefinition/serviceentries.networking.istio.io..
  Removed apiextensions.k8s.io/v1, Kind=CustomResourceDefinition/sidecars.networking.istio.io..
  Removed apiextensions.k8s.io/v1, Kind=CustomResourceDefinition/telemetries.telemetry.istio.io..
  Removed apiextensions.k8s.io/v1, Kind=CustomResourceDefinition/virtualservices.networking.istio.io..
  Removed apiextensions.k8s.io/v1, Kind=CustomResourceDefinition/wasmplugins.extensions.istio.io..
  Removed apiextensions.k8s.io/v1, Kind=CustomResourceDefinition/workloadentries.networking.istio.io..
  Removed apiextensions.k8s.io/v1, Kind=CustomResourceDefinition/workloadgroups.networking.istio.io..

✔ Uninstall completelease.coordination.k8s.io "istiod-key-curator-leader" deleted from istio-system namespace
pod/istiod-fb9866b9d-p6xvf condition met
pod/istio-ingressgateway-745cc59f79-728hc condition met
pod/istio-ingressgateway-745cc59f79-brwfk condition met
pod/istio-ingressgateway-745cc59f79-g4pbq condition met
pod/istio-ingressgateway-745cc59f79-hgwfd condition met
pod/istio-ingressgateway-745cc59f79-jw47z condition met
pod/istio-ingressgateway-745cc59f79-lhsc8 condition met
pod/istio-ingressgateway-745cc59f79-q5n4f condition met
pod/istio-ingressgateway-745cc59f79-scq6g condition met
pod/istio-ingressgateway-745cc59f79-xthkl condition met
pod/istio-ingressgateway-745cc59f79-ztlxq condition met
pod "kube-apiserver-node-0" deleted from kube-system namespace
pod "kube-apiserver-node-1" deleted from kube-system namespace
API server count: 2. Waiting for all kube-apiserver pods to become Ready...
All kube-apiserver pods are Ready
Creating TPMs on all nodes...
Warning: Permanently added 'pc772.emulab.net' (ED25519) to the list of known hosts.
Warning: Permanently added 'pc772.emulab.net' (ED25519) to the list of known hosts.
--> Creating tpm state folder in /tpm/myvtpm2.
--> Creating tpm state folder in /tpm/myvtpm2.
--> Creating tpm with swtpm_setup.
--> Creating tpm with swtpm_setup.
Starting vTPM manufacturing as root:root @ Sun 06 Sep 2026 02:37:01 PM MDT
Apply profile: {"Name": "default-v1"}
TPM is listening on Unix socket.
Active profile: {"Name":"default-v1","StateFormatLevel":7,"Commands":"0x11f-0x122,0x124-0x12e,0x130-0x140,0x142-0x159,0x15b-0x15e,0x160-0x165,0x167-0x174,0x176-0x178,0x17a-0x193,0x197,0x199-0x19c","Algorithms":"rsa,rsa-min-size=1024,tdes,tdes-min-size=128,sha1,hmac,aes,aes-min-size=128,mgf1,keyedhash,xor,sha256,sha384,sha512,null,rsassa,rsaes,rsapss,oaep,ecdsa,ecdh,ecdaa,sm2,ecschnorr,ecmqv,kdf1-sp800-56a,kdf2,kdf1-sp800-108,ecc,ecc-min-size=192,ecc-nist,ecc-bn,ecc-sm2-p256,symcipher,camellia,camellia-min-size=128,cmac,ctr,ofb,cbc,cfb,ecb","Description":"This profile enables all libtpms v0.10-supported commands and algorithms. This profile is compatible with libtpms >= v0.10."}
Starting vTPM manufacturing as root:root @ Sun 06 Sep 2026 02:37:01 PM MDT
Apply profile: {"Name": "default-v1"}
TPM is listening on Unix socket.
Active profile: {"Name":"default-v1","StateFormatLevel":7,"Commands":"0x11f-0x122,0x124-0x12e,0x130-0x140,0x142-0x159,0x15b-0x15e,0x160-0x165,0x167-0x174,0x176-0x178,0x17a-0x193,0x197,0x199-0x19c","Algorithms":"rsa,rsa-min-size=1024,tdes,tdes-min-size=128,sha1,hmac,aes,aes-min-size=128,mgf1,keyedhash,xor,sha256,sha384,sha512,null,rsassa,rsaes,rsapss,oaep,ecdsa,ecdh,ecdaa,sm2,ecschnorr,ecmqv,kdf1-sp800-56a,kdf2,kdf1-sp800-108,ecc,ecc-min-size=192,ecc-nist,ecc-bn,ecc-sm2-p256,symcipher,camellia,camellia-min-size=128,cmac,ctr,ofb,cbc,cfb,ecb","Description":"This profile enables all libtpms v0.10-supported commands and algorithms. This profile is compatible with libtpms >= v0.10."}
Successfully created RSA 2048 EK with handle 0x81010001.
  Invoking /usr/bin/swtpm_localca --type ek --ek 91141bf91aeb890102443f3084b649d885cc3d85817ea94bd1a89d4a49f1d1e3629d9741e7be7511d8df8d119bf799faedcdb2f295ad80792f66b890db26f40ee1152a83386ead8b1d7188b240bb020d7ca9c2d2e0cee2fcbb0f5eb072009b8de1cdd889388c849109562723d2afb2ed20c406291a0d87f554cb9ac4ad4c20ab7d56030091c3fcc7bdf55e2761c2bbc34679d0697f70b9fcc5974262e562d571f1ff62575c8ac8f745bfd3bb0039a59634a7d99bc76d3fd2ead19770715dc7001969916645651347535dd983e2104c06aa98adf26fdfd0cac85fdf40cae18db7500b68f620dcfcf6ab2df262fced55d631aa1f3a2cd5c0d0265a8c84106d29fd --dir /tmp/swtpm_setup.certs.O3FZU3 --tpm-spec-family 2.0 --tpm-spec-level 0 --tpm-spec-revision 183 --tpm-manufacturer id:00001014 --tpm-model swtpm --tpm-version id:20240125 --tpm2 --configfile /etc/swtpm-localca.conf --optsfile /etc/swtpm-localca.options
Successfully created RSA 2048 EK with handle 0x81010001.
  Invoking /usr/bin/swtpm_localca --type ek --ek a3a0b228c1c1a99bcc7afccf67ef711d22b9ca6c5e5f6dac00ad1214591cf790ed17bed753f33b0f43eda731e104d041fd7889abf729a5b7dc1799b757bb47d0243ad5b1ae4a00aa330342984de55acf9daa39865328458f83681987a24989769981a0f48035962e0dd68f348bf27a541df0be50a72838b61fa808a6515f6b5cf8479498fc5250f790643800e529e3b165bcdfc676c8b06fb417b5d7610a5c7c585d9b6a54aceb75b27e673c8a3dd28caeafa700368fa2337a0a39d2a62741e2e8d5c3b2b88e29be83bc8d5fb09ad5a5ae5b66cce1aab8f858866f3cf6497725190750b39f99b124bce1e03b4810372cd2b8654d64d6766e08b47febc86cf6ab --dir /tmp/swtpm_setup.certs.BEQYU3 --tpm-spec-family 2.0 --tpm-spec-level 0 --tpm-spec-revision 183 --tpm-manufacturer id:00001014 --tpm-model swtpm --tpm-version id:20240125 --tpm2 --configfile /etc/swtpm-localca.conf --optsfile /etc/swtpm-localca.options
swtpm_localca: Successfully created EK certificate locally.
  Invoking /usr/bin/swtpm_localca --type platform --ek 91141bf91aeb890102443f3084b649d885cc3d85817ea94bd1a89d4a49f1d1e3629d9741e7be7511d8df8d119bf799faedcdb2f295ad80792f66b890db26f40ee1152a83386ead8b1d7188b240bb020d7ca9c2d2e0cee2fcbb0f5eb072009b8de1cdd889388c849109562723d2afb2ed20c406291a0d87f554cb9ac4ad4c20ab7d56030091c3fcc7bdf55e2761c2bbc34679d0697f70b9fcc5974262e562d571f1ff62575c8ac8f745bfd3bb0039a59634a7d99bc76d3fd2ead19770715dc7001969916645651347535dd983e2104c06aa98adf26fdfd0cac85fdf40cae18db7500b68f620dcfcf6ab2df262fced55d631aa1f3a2cd5c0d0265a8c84106d29fd --dir /tmp/swtpm_setup.certs.O3FZU3 --tpm-spec-family 2.0 --tpm-spec-level 0 --tpm-spec-revision 183 --tpm-manufacturer id:00001014 --tpm-model swtpm --tpm-version id:20240125 --tpm2 --configfile /etc/swtpm-localca.conf --optsfile /etc/swtpm-localca.options
swtpm_localca: Successfully created platform certificate locally.
Successfully created NVRAM area 0x1c00002 for RSA 2048 EK certificate.
Successfully created NVRAM area 0x1c08000 for platform certificate.
swtpm_localca: Successfully created EK certificate locally.
  Invoking /usr/bin/swtpm_localca --type platform --ek a3a0b228c1c1a99bcc7afccf67ef711d22b9ca6c5e5f6dac00ad1214591cf790ed17bed753f33b0f43eda731e104d041fd7889abf729a5b7dc1799b757bb47d0243ad5b1ae4a00aa330342984de55acf9daa39865328458f83681987a24989769981a0f48035962e0dd68f348bf27a541df0be50a72838b61fa808a6515f6b5cf8479498fc5250f790643800e529e3b165bcdfc676c8b06fb417b5d7610a5c7c585d9b6a54aceb75b27e673c8a3dd28caeafa700368fa2337a0a39d2a62741e2e8d5c3b2b88e29be83bc8d5fb09ad5a5ae5b66cce1aab8f858866f3cf6497725190750b39f99b124bce1e03b4810372cd2b8654d64d6766e08b47febc86cf6ab --dir /tmp/swtpm_setup.certs.BEQYU3 --tpm-spec-family 2.0 --tpm-spec-level 0 --tpm-spec-revision 183 --tpm-manufacturer id:00001014 --tpm-model swtpm --tpm-version id:20240125 --tpm2 --configfile /etc/swtpm-localca.conf --optsfile /etc/swtpm-localca.options
Successfully created ECC EK with handle 0x81010016.
  Invoking /usr/bin/swtpm_localca --type ek --ek x=8ad0e5a94a2fadbe4a6b05c838c9109524c71b343ad5b7421d49a47efa23fe33cb21cc76d3a39de9ecb9381de281ab1a,y=4d9ded2984c4234d248d588184dab053aca9c18967708179f8952be9794abd385c2cb8f89cf61a3f5607ec7a51adc06f,id=secp384r1 --dir /tmp/swtpm_setup.certs.O3FZU3 --tpm-spec-family 2.0 --tpm-spec-level 0 --tpm-spec-revision 183 --tpm-manufacturer id:00001014 --tpm-model swtpm --tpm-version id:20240125 --tpm2 --configfile /etc/swtpm-localca.conf --optsfile /etc/swtpm-localca.options
swtpm_localca: Successfully created EK certificate locally.
Successfully created NVRAM area 0x1c00016 for ECC EK certificate.
Successfully activated PCR banks sha256 among sha1,sha256,sha384,sha512.
Successfully authored TPM state.
Ending vTPM manufacturing @ Sun 06 Sep 2026 02:37:01 PM MDT
swtpm_localca: Successfully created platform certificate locally.
Successfully created NVRAM area 0x1c00002 for RSA 2048 EK certificate.
Successfully created NVRAM area 0x1c08000 for platform certificate.
Successfully created ECC EK with handle 0x81010016.
  Invoking /usr/bin/swtpm_localca --type ek --ek x=5728f132ded0b16fe0ec4235f8fb565e1fcfa080d7ff14a1173478a518125ee9b87b49e762088b31579943f865dd4b7d,y=5b55be0476ded9bda458cea8d37f0c0070f8013ef985f6461dd62ee7c5a73e43394529fc9e83a9d3ab01934e2c982a5a,id=secp384r1 --dir /tmp/swtpm_setup.certs.BEQYU3 --tpm-spec-family 2.0 --tpm-spec-level 0 --tpm-spec-revision 183 --tpm-manufacturer id:00001014 --tpm-model swtpm --tpm-version id:20240125 --tpm2 --configfile /etc/swtpm-localca.conf --optsfile /etc/swtpm-localca.options
swtpm_localca: Successfully created EK certificate locally.
Successfully created NVRAM area 0x1c00016 for ECC EK certificate.
Successfully activated PCR banks sha256 among sha1,sha256,sha384,sha512.
Successfully authored TPM state.
Ending vTPM manufacturing @ Sun 06 Sep 2026 02:37:01 PM MDT
--> Creating /dev/tpmrm0 device with swtpm_cuse.
--> Creating /dev/tpmrm0 device with swtpm_cuse.
TPMs created on all nodes
Using strategy: istio
Unknown strategy: istio
Deploying Mazu ConfigMap to namespace: default
configmap "mazu-config" deleted from default namespace
configmap/mazu-config created
Deploying Mazu ConfigMap to namespace: istio-system
configmap "mazu-config" deleted from istio-system namespace
configmap/mazu-config created
Deploying RBE PP ConfigMap to namespace: default
configmap "rbe-pp" deleted from default namespace
configmap/rbe-pp created
Deploying RBE PP ConfigMap to namespace: istio-system
configmap "rbe-pp" deleted from istio-system namespace
configmap/rbe-pp created
Strategy: istio | Tag: istio | Duration: 120 seconds | RPS: 1000
Results Directory: /users/apoudel/DeathStarBench/socialNetwork/20260906_143805/istio-120
Output File: /users/apoudel/DeathStarBench/socialNetwork/20260906_143805/istio-120/1000.txt
/users/apoudel/DeathStarBench/socialNetwork
[1;30;44mMazu:[0m Installing Istio....
        |\          
        | \         
        |  \        
        |   \       
      /||    \      
     / ||     \     
    /  ||      \    
   /   ||       \   
  /    ||        \  
 /     ||         \ 
/______||__________\
____________________
  \__       _____/  
     \_____/        

WARNING: Istio 1.24.0 may be out of support (EOL) already: see https://istio.io/latest/docs/releases/supported-releases/ for supported releases

- Processing resources for Istio core.
- Processing resources for Istio core. Waiting for CustomResourceDefinition/, CustomResourceDefin...
✔ Istio core installed ⛵️
- Processing resources for Istiod.
- Processing resources for Istiod. Waiting for Deployment/istio-system/istiod
✔ Istiod installed 🧠
- Processing resources for Ingress gateways.
- Processing resources for Ingress gateways. Waiting for Deployment/istio-system/istio-ingressgat...
✔ Ingress gateways installed 🛬
- Pruning removed resources
✔ Installation completenamespace/default not labeled
peerauthentication.security.istio.io/default created
service/details created
serviceaccount/bookinfo-details created
deployment.apps/details-v1 created
service/ratings created
serviceaccount/bookinfo-ratings created
deployment.apps/ratings-v1 created
service/reviews created
serviceaccount/bookinfo-reviews created
deployment.apps/reviews-v1 created
deployment.apps/reviews-v2 created
deployment.apps/reviews-v3 created
service/productpage created
serviceaccount/bookinfo-productpage created
deployment.apps/productpage-v1 created
gateway.networking.istio.io/bookinfo-gateway created
virtualservice.networking.istio.io/bookinfo created
CONN_REUSE=1: leaving connection pooling at the Envoy default
Waiting for rollouts (timeout 2220s each):
  deployment.apps/details-v1
  deployment.apps/ratings-v1
  deployment.apps/reviews-v1
  deployment.apps/reviews-v2
  deployment.apps/reviews-v3
  deployment.apps/productpage-v1
Waiting for deployment "details-v1" rollout to finish: 0 of 32 replicas are ready...
Waiting for deployment "details-v1" rollout to finish: 30 of 32 replicas are ready...
Waiting for deployment "details-v1" rollout to finish: 31 of 32 replicas are ready...
deployment "details-v1" successfully rolled out (32/32 ready)
deployment "ratings-v1" successfully rolled out (32/32 ready)
Waiting for deployment "reviews-v1" rollout to finish: 28 of 32 replicas are ready...
Waiting for deployment "reviews-v1" rollout to finish: 31 of 32 replicas are ready...
deployment "reviews-v1" successfully rolled out (32/32 ready)
deployment "reviews-v2" successfully rolled out (32/32 ready)
deployment "reviews-v3" successfully rolled out (32/32 ready)
Waiting for deployment "productpage-v1" rollout to finish: 29 of 32 replicas are ready...
deployment "productpage-v1" successfully rolled out (32/32 ready)
pod/istiod-8574d68d5c-79qp9 condition met
pod/istiod-8574d68d5c-blp8v condition met
pod/istiod-8574d68d5c-f2qlb condition met
pod/istiod-8574d68d5c-tdmsr condition met
pod/istio-ingressgateway-75fb7d94d9-gt7ks condition met
Ingress: 155.98.38.240:80
Strategy: istio | Tag: istio | Duration: 120 seconds | RPS: 1000
Results Directory: /users/apoudel/DeathStarBench/socialNetwork/20260906_143856/istio-120
Output File: /users/apoudel/DeathStarBench/socialNetwork/20260906_143856/istio-120/1000.txt
/users/apoudel/DeathStarBench/socialNetwork
[1;30;44mMazu:[0m Uninstalling Prometheus from istio-system....
Strategy: istio | Tag: istio | Duration: 120 seconds | RPS: 1000
Results Directory: /users/apoudel/DeathStarBench/socialNetwork/20260906_143856/istio-120
Output File: /users/apoudel/DeathStarBench/socialNetwork/20260906_143856/istio-120/1000.txt
/users/apoudel/DeathStarBench/socialNetwork
[1;30;44mMazu:[0m Installing Prometheus in istio-system....
serviceaccount/prometheus created
configmap/prometheus created
clusterrole.rbac.authorization.k8s.io/prometheus created
clusterrolebinding.rbac.authorization.k8s.io/prometheus created
service/prometheus created
deployment.apps/prometheus created
pod/prometheus-c9ff75ddb-9sqtf condition met
[1;30;44mMazu:[0m Prometheus is ready.
Waiting for Prometheus pod to be Running...
pod/prometheus-c9ff75ddb-9sqtf condition met
Forwarding from 127.0.0.1:9091 -> 9090
Forwarding from [::1]:9091 -> 9090
Waiting for Prometheus to be reachable at http://localhost:9091...
Handling connection for 9091
Prometheus is reachable at http://localhost:9091
--- Running RPS=100 for 120s ---
Running wrk2 with STRAT=istio, RPS=100, DURATION=120s. Output: /users/apoudel/DeathStarBench/socialNetwork/results/benchmark1.5b-replica-scale-09-05-26_195041/scale-32x/istio/100.txt
wrk2 results saved to /users/apoudel/DeathStarBench/socialNetwork/results/benchmark1.5b-replica-scale-09-05-26_195041/scale-32x/istio/100.txt
Collecting metrics from Prometheus (http://localhost:9091)
  Window: 2026-09-06 14:39:04 -> 2026-09-06 14:41:04 (120s)
  Output: /users/apoudel/DeathStarBench/socialNetwork/results/benchmark1.5b-replica-scale-09-05-26_195041/scale-32x/istio/metrics_100.json
Handling connection for 9091
Handling connection for 9091
Handling connection for 9091
Handling connection for 9091
Handling connection for 9091
Handling connection for 9091
Metrics saved to /users/apoudel/DeathStarBench/socialNetwork/results/benchmark1.5b-replica-scale-09-05-26_195041/scale-32x/istio/metrics_100.json
--- RPS=100 complete ---
--- Running RPS=200 for 120s ---
Running wrk2 with STRAT=istio, RPS=200, DURATION=120s. Output: /users/apoudel/DeathStarBench/socialNetwork/results/benchmark1.5b-replica-scale-09-05-26_195041/scale-32x/istio/200.txt
wrk2 results saved to /users/apoudel/DeathStarBench/socialNetwork/results/benchmark1.5b-replica-scale-09-05-26_195041/scale-32x/istio/200.txt
Collecting metrics from Prometheus (http://localhost:9091)
  Window: 2026-09-06 14:41:06 -> 2026-09-06 14:43:06 (120s)
  Output: /users/apoudel/DeathStarBench/socialNetwork/results/benchmark1.5b-replica-scale-09-05-26_195041/scale-32x/istio/metrics_200.json
Handling connection for 9091
Handling connection for 9091
Handling connection for 9091
Handling connection for 9091
Handling connection for 9091
Handling connection for 9091
Metrics saved to /users/apoudel/DeathStarBench/socialNetwork/results/benchmark1.5b-replica-scale-09-05-26_195041/scale-32x/istio/metrics_200.json
--- RPS=200 complete ---
--- Running RPS=400 for 120s ---
Running wrk2 with STRAT=istio, RPS=400, DURATION=120s. Output: /users/apoudel/DeathStarBench/socialNetwork/results/benchmark1.5b-replica-scale-09-05-26_195041/scale-32x/istio/400.txt
wrk2 results saved to /users/apoudel/DeathStarBench/socialNetwork/results/benchmark1.5b-replica-scale-09-05-26_195041/scale-32x/istio/400.txt
Collecting metrics from Prometheus (http://localhost:9091)
  Window: 2026-09-06 14:43:08 -> 2026-09-06 14:45:08 (120s)
  Output: /users/apoudel/DeathStarBench/socialNetwork/results/benchmark1.5b-replica-scale-09-05-26_195041/scale-32x/istio/metrics_400.json
Handling connection for 9091
Handling connection for 9091
Handling connection for 9091
Handling connection for 9091
Handling connection for 9091
Handling connection for 9091
Metrics saved to /users/apoudel/DeathStarBench/socialNetwork/results/benchmark1.5b-replica-scale-09-05-26_195041/scale-32x/istio/metrics_400.json
--- RPS=400 complete ---
--- Running RPS=800 for 120s ---
Running wrk2 with STRAT=istio, RPS=800, DURATION=120s. Output: /users/apoudel/DeathStarBench/socialNetwork/results/benchmark1.5b-replica-scale-09-05-26_195041/scale-32x/istio/800.txt
wrk2 results saved to /users/apoudel/DeathStarBench/socialNetwork/results/benchmark1.5b-replica-scale-09-05-26_195041/scale-32x/istio/800.txt
Collecting metrics from Prometheus (http://localhost:9091)
  Window: 2026-09-06 14:45:10 -> 2026-09-06 14:47:10 (120s)
  Output: /users/apoudel/DeathStarBench/socialNetwork/results/benchmark1.5b-replica-scale-09-05-26_195041/scale-32x/istio/metrics_800.json
Handling connection for 9091
Handling connection for 9091
Handling connection for 9091
Handling connection for 9091
Handling connection for 9091
Handling connection for 9091
Metrics saved to /users/apoudel/DeathStarBench/socialNetwork/results/benchmark1.5b-replica-scale-09-05-26_195041/scale-32x/istio/metrics_800.json
--- RPS=800 complete ---
--- Running RPS=1200 for 120s ---
Running wrk2 with STRAT=istio, RPS=1200, DURATION=120s. Output: /users/apoudel/DeathStarBench/socialNetwork/results/benchmark1.5b-replica-scale-09-05-26_195041/scale-32x/istio/1200.txt
wrk2 results saved to /users/apoudel/DeathStarBench/socialNetwork/results/benchmark1.5b-replica-scale-09-05-26_195041/scale-32x/istio/1200.txt
Collecting metrics from Prometheus (http://localhost:9091)
  Window: 2026-09-06 14:47:11 -> 2026-09-06 14:49:11 (120s)
  Output: /users/apoudel/DeathStarBench/socialNetwork/results/benchmark1.5b-replica-scale-09-05-26_195041/scale-32x/istio/metrics_1200.json
Handling connection for 9091
Handling connection for 9091
Handling connection for 9091
Handling connection for 9091
Handling connection for 9091
Handling connection for 9091
Metrics saved to /users/apoudel/DeathStarBench/socialNetwork/results/benchmark1.5b-replica-scale-09-05-26_195041/scale-32x/istio/metrics_1200.json
--- RPS=1200 complete ---
--- Running RPS=1600 for 120s ---
Running wrk2 with STRAT=istio, RPS=1600, DURATION=120s. Output: /users/apoudel/DeathStarBench/socialNetwork/results/benchmark1.5b-replica-scale-09-05-26_195041/scale-32x/istio/1600.txt
wrk2 results saved to /users/apoudel/DeathStarBench/socialNetwork/results/benchmark1.5b-replica-scale-09-05-26_195041/scale-32x/istio/1600.txt
Collecting metrics from Prometheus (http://localhost:9091)
  Window: 2026-09-06 14:49:13 -> 2026-09-06 14:51:13 (120s)
  Output: /users/apoudel/DeathStarBench/socialNetwork/results/benchmark1.5b-replica-scale-09-05-26_195041/scale-32x/istio/metrics_1600.json
Handling connection for 9091
Handling connection for 9091
Handling connection for 9091
Handling connection for 9091
Handling connection for 9091
Handling connection for 9091
Metrics saved to /users/apoudel/DeathStarBench/socialNetwork/results/benchmark1.5b-replica-scale-09-05-26_195041/scale-32x/istio/metrics_1600.json
--- RPS=1600 complete ---
--- Running RPS=2000 for 120s ---
Running wrk2 with STRAT=istio, RPS=2000, DURATION=120s. Output: /users/apoudel/DeathStarBench/socialNetwork/results/benchmark1.5b-replica-scale-09-05-26_195041/scale-32x/istio/2000.txt
wrk2 results saved to /users/apoudel/DeathStarBench/socialNetwork/results/benchmark1.5b-replica-scale-09-05-26_195041/scale-32x/istio/2000.txt
Collecting metrics from Prometheus (http://localhost:9091)
  Window: 2026-09-06 14:51:15 -> 2026-09-06 14:53:15 (120s)
  Output: /users/apoudel/DeathStarBench/socialNetwork/results/benchmark1.5b-replica-scale-09-05-26_195041/scale-32x/istio/metrics_2000.json
Handling connection for 9091
Handling connection for 9091
Handling connection for 9091
Handling connection for 9091
Handling connection for 9091
Handling connection for 9091
Metrics saved to /users/apoudel/DeathStarBench/socialNetwork/results/benchmark1.5b-replica-scale-09-05-26_195041/scale-32x/istio/metrics_2000.json
--- RPS=2000 complete ---
Strategy: istio | Tag: istio | Duration: 120 seconds | RPS: 2000
Results Directory: /users/apoudel/DeathStarBench/socialNetwork/20260906_145317/istio-120
Output File: /users/apoudel/DeathStarBench/socialNetwork/20260906_145317/istio-120/2000.txt
/users/apoudel/DeathStarBench/socialNetwork
[1;30;44mMazu:[0m Uninstalling Prometheus from istio-system....
serviceaccount "prometheus" deleted from istio-system namespace
configmap "prometheus" deleted from istio-system namespace
clusterrole.rbac.authorization.k8s.io "prometheus" deleted
clusterrolebinding.rbac.authorization.k8s.io "prometheus" deleted
service "prometheus" deleted from istio-system namespace
deployment.apps "prometheus" deleted from istio-system namespace
Generated /users/apoudel/DeathStarBench/socialNetwork/results/benchmark1.5b-replica-scale-09-05-26_195041/scale-32x/istio/cpu.dat and /users/apoudel/DeathStarBench/socialNetwork/results/benchmark1.5b-replica-scale-09-05-26_195041/scale-32x/istio/memory.dat
=== Benchmark 1.5b (no-scale) sweep completed at Sun Sep  6 02:53:17 PM MDT 2026 for istio ===
Wrote /users/apoudel/DeathStarBench/socialNetwork/results/benchmark1.5b-replica-scale-09-05-26_195041/scale-32x/istio/latency.dat (7 entries)
Wrote /users/apoudel/DeathStarBench/socialNetwork/results/benchmark1.5b-replica-scale-09-05-26_195041/scale-32x/st5-AttUpd/latency.dat (7 entries)
Wrote /users/apoudel/DeathStarBench/socialNetwork/results/benchmark1.5b-replica-scale-09-05-26_195041/scale-32x/cpu_combined.dat (7 blocks: [100, 200, 400, 800, 1200, 1600, 2000])
Wrote /users/apoudel/DeathStarBench/socialNetwork/results/benchmark1.5b-replica-scale-09-05-26_195041/scale-32x/memory_combined.dat (7 blocks: [100, 200, 400, 800, 1200, 1600, 2000])
Wrote /users/apoudel/DeathStarBench/socialNetwork/results/benchmark1.5b-replica-scale-09-05-26_195041/scale-32x/latency_combined.dat (7 QPS levels)
Wrote /users/apoudel/DeathStarBench/socialNetwork/results/benchmark1.5b-replica-scale-09-05-26_195041/scale-32x/rps_vals.gpi (7 rps values)
=== All benchmark 1.5b (no-scale) sweep runs complete. Results in /users/apoudel/DeathStarBench/socialNetwork/results/benchmark1.5b-replica-scale-09-05-26_195041/scale-32x ===
[2026-09-06 14:53:18] --- scale 32x ok ---
[2026-09-06 14:53:18] Generating cross-scale Istio-vs-Mazu plots...
    1x  Istio  @   100 RPS  p50=   25.76ms p90=   31.23ms p99=    42.59ms  never_completed=  4.55% of offered  timeouts=1719 non_2xx=0  <-- FLAGGED
    1x  Istio  @   200 RPS  p50=   49.69ms p90=  209.54ms p99=   425.73ms  never_completed=  4.76% of offered  timeouts=381 non_2xx=0  <-- FLAGGED
    1x  Istio  @   400 RPS  p50=25430.00ms p90=42170.00ms p99= 51000.00ms  never_completed= 39.88% of offered  timeouts=19 non_2xx=1  <-- FLAGGED
    1x  Istio  @   800 RPS  p50=45480.00ms p90=75600.00ms p99= 84000.00ms  never_completed= 70.21% of offered  timeouts=0 non_2xx=0  <-- FLAGGED
    1x  Istio  @  1200 RPS  p50=52200.00ms p90=87600.00ms p99= 95400.00ms  never_completed= 80.20% of offered  timeouts=0 non_2xx=0  <-- FLAGGED
    1x  Istio  @  1600 RPS  p50=55200.00ms p90=93000.00ms p99=102000.00ms  never_completed= 85.51% of offered  timeouts=0 non_2xx=0  <-- FLAGGED
    1x  Istio  @  2000 RPS  p50=57600.00ms p90=96000.00ms p99=105000.00ms  never_completed= 88.13% of offered  timeouts=0 non_2xx=0  <-- FLAGGED
    1x  Mazu   @   100 RPS  p50=   25.73ms p90=   31.71ms p99=    43.13ms  never_completed=  4.52% of offered  timeouts=1683 non_2xx=0  <-- FLAGGED
    1x  Mazu   @   200 RPS  p50=   63.68ms p90=  214.91ms p99=   405.50ms  never_completed=  4.76% of offered  timeouts=375 non_2xx=0  <-- FLAGGED
    1x  Mazu   @   400 RPS  p50=25400.00ms p90=43190.00ms p99= 52200.00ms  never_completed= 40.18% of offered  timeouts=20 non_2xx=1  <-- FLAGGED
    1x  Mazu   @   800 RPS  p50=45840.00ms p90=76200.00ms p99= 84600.00ms  never_completed= 70.30% of offered  timeouts=0 non_2xx=0  <-- FLAGGED
    1x  Mazu   @  1200 RPS  p50=52200.00ms p90=87600.00ms p99= 96000.00ms  never_completed= 80.21% of offered  timeouts=0 non_2xx=0  <-- FLAGGED
    1x  Mazu   @  1600 RPS  p50=55200.00ms p90=93000.00ms p99=102000.00ms  never_completed= 85.40% of offered  timeouts=0 non_2xx=0  <-- FLAGGED
    1x  Mazu   @  2000 RPS  p50=57600.00ms p90=96600.00ms p99=105000.00ms  never_completed= 88.34% of offered  timeouts=0 non_2xx=0  <-- FLAGGED
    2x  Istio  @   100 RPS  p50=   26.59ms p90=   31.65ms p99=    43.52ms  never_completed=  4.52% of offered  timeouts=1690 non_2xx=0  <-- FLAGGED
    2x  Istio  @   200 RPS  p50=   24.01ms p90=   28.93ms p99=    42.14ms  never_completed=  4.76% of offered  timeouts=379 non_2xx=0  <-- FLAGGED
    2x  Istio  @   400 RPS  p50=  163.33ms p90=  440.83ms p99=   898.56ms  never_completed=  0.74% of offered  timeouts=19 non_2xx=1
    2x  Istio  @   800 RPS  p50=28030.00ms p90=47610.00ms p99= 54000.00ms  never_completed= 44.12% of offered  timeouts=0 non_2xx=0  <-- FLAGGED
    2x  Istio  @  1200 RPS  p50=40440.00ms p90=68400.00ms p99= 75600.00ms  never_completed= 62.81% of offered  timeouts=0 non_2xx=0  <-- FLAGGED
    2x  Istio  @  1600 RPS  p50=46790.00ms p90=78600.00ms p99= 85800.00ms  never_completed= 72.00% of offered  timeouts=0 non_2xx=0  <-- FLAGGED
    2x  Istio  @  2000 RPS  p50=50590.00ms p90=84600.00ms p99= 92400.00ms  never_completed= 77.73% of offered  timeouts=0 non_2xx=0  <-- FLAGGED
    2x  Mazu   @   100 RPS  p50=   26.33ms p90=   31.42ms p99=    43.55ms  never_completed=  4.56% of offered  timeouts=1714 non_2xx=0  <-- FLAGGED
    2x  Mazu   @   200 RPS  p50=   23.87ms p90=   29.17ms p99=    42.81ms  never_completed=  4.80% of offered  timeouts=390 non_2xx=0  <-- FLAGGED
    2x  Mazu   @   400 RPS  p50=  104.06ms p90=  353.28ms p99=   842.75ms  never_completed=  0.67% of offered  timeouts=20 non_2xx=0
    2x  Mazu   @   800 RPS  p50=27710.00ms p90=46990.00ms p99= 54000.00ms  never_completed= 43.39% of offered  timeouts=0 non_2xx=0  <-- FLAGGED
    2x  Mazu   @  1200 RPS  p50=40440.00ms p90=67800.00ms p99= 75000.00ms  never_completed= 62.21% of offered  timeouts=0 non_2xx=0  <-- FLAGGED
    2x  Mazu   @  1600 RPS  p50=46660.00ms p90=78000.00ms p99= 85800.00ms  never_completed= 71.57% of offered  timeouts=0 non_2xx=0  <-- FLAGGED
    2x  Mazu   @  2000 RPS  p50=50100.00ms p90=84000.00ms p99= 91800.00ms  never_completed= 77.17% of offered  timeouts=0 non_2xx=0  <-- FLAGGED
    4x  Istio  @   100 RPS  p50=   27.73ms p90=   33.82ms p99=    47.62ms  never_completed=  4.58% of offered  timeouts=1720 non_2xx=0  <-- FLAGGED
    4x  Istio  @   200 RPS  p50=   25.30ms p90=   28.94ms p99=    43.81ms  never_completed=  4.77% of offered  timeouts=379 non_2xx=0  <-- FLAGGED
    4x  Istio  @   400 RPS  p50=   23.20ms p90=   28.96ms p99=    43.65ms  never_completed=  0.52% of offered  timeouts=18 non_2xx=0
    4x  Istio  @   800 RPS  p50=   31.87ms p90=  143.36ms p99=   428.03ms  never_completed=  0.01% of offered  timeouts=0 non_2xx=1
    4x  Istio  @  1200 RPS  p50=18610.00ms p90=32060.00ms p99= 38040.00ms  never_completed= 29.41% of offered  timeouts=0 non_2xx=1  <-- FLAGGED
    4x  Istio  @  1600 RPS  p50=30610.00ms p90=50990.00ms p99= 57000.00ms  never_completed= 46.70% of offered  timeouts=0 non_2xx=1  <-- FLAGGED
    4x  Istio  @  2000 RPS  p50=37520.00ms p90=63000.00ms p99= 69600.00ms  never_completed= 57.82% of offered  timeouts=0 non_2xx=0  <-- FLAGGED
    4x  Mazu   @   100 RPS  p50=   27.93ms p90=   34.33ms p99=    47.07ms  never_completed=  4.55% of offered  timeouts=1713 non_2xx=0  <-- FLAGGED
    4x  Mazu   @   200 RPS  p50=   25.34ms p90=   29.17ms p99=    43.62ms  never_completed=  4.82% of offered  timeouts=383 non_2xx=0  <-- FLAGGED
    4x  Mazu   @   400 RPS  p50=   23.31ms p90=   29.06ms p99=    44.80ms  never_completed=  0.53% of offered  timeouts=18 non_2xx=0
    4x  Mazu   @   800 RPS  p50=   65.25ms p90=  202.11ms p99=   443.14ms  never_completed=  0.07% of offered  timeouts=0 non_2xx=3
    4x  Mazu   @  1200 RPS  p50=18550.00ms p90=31700.00ms p99= 37260.00ms  never_completed= 29.04% of offered  timeouts=0 non_2xx=0  <-- FLAGGED
    4x  Mazu   @  1600 RPS  p50=30470.00ms p90=51600.00ms p99= 57000.00ms  never_completed= 46.98% of offered  timeouts=0 non_2xx=0  <-- FLAGGED
    4x  Mazu   @  2000 RPS  p50=37880.00ms p90=62400.00ms p99= 69000.00ms  never_completed= 57.34% of offered  timeouts=0 non_2xx=0  <-- FLAGGED
    8x  Istio  @   100 RPS  p50=   30.59ms p90=   37.89ms p99=    54.30ms  never_completed=  4.52% of offered  timeouts=1682 non_2xx=1  <-- FLAGGED
    8x  Istio  @   200 RPS  p50=   26.67ms p90=   30.77ms p99=    46.56ms  never_completed=  4.76% of offered  timeouts=372 non_2xx=0  <-- FLAGGED
    8x  Istio  @   400 RPS  p50=   24.77ms p90=   29.85ms p99=    46.78ms  never_completed=  0.52% of offered  timeouts=18 non_2xx=0
    8x  Istio  @   800 RPS  p50=   23.23ms p90=   31.79ms p99=    50.69ms  never_completed=  0.00% of offered  timeouts=0 non_2xx=0
    8x  Istio  @  1200 RPS  p50=   23.60ms p90=   37.89ms p99=    61.31ms  never_completed=  0.00% of offered  timeouts=0 non_2xx=0
    8x  Istio  @  1600 RPS  p50=   27.97ms p90=   77.06ms p99=   197.25ms  never_completed=  0.00% of offered  timeouts=0 non_2xx=0
    8x  Istio  @  2000 RPS  p50= 9430.00ms p90=16910.00ms p99= 21220.00ms  never_completed= 15.09% of offered  timeouts=0 non_2xx=0  <-- FLAGGED
    8x  Mazu   @   100 RPS  p50=   30.67ms p90=   38.11ms p99=    54.69ms  never_completed=  4.56% of offered  timeouts=1712 non_2xx=0  <-- FLAGGED
    8x  Mazu   @   200 RPS  p50=   26.69ms p90=   31.06ms p99=    47.13ms  never_completed=  4.80% of offered  timeouts=389 non_2xx=0  <-- FLAGGED
    8x  Mazu   @   400 RPS  p50=   24.72ms p90=   29.65ms p99=    47.13ms  never_completed=  0.59% of offered  timeouts=20 non_2xx=0
    8x  Mazu   @   800 RPS  p50=   23.26ms p90=   32.26ms p99=    50.97ms  never_completed=  0.00% of offered  timeouts=0 non_2xx=0
    8x  Mazu   @  1200 RPS  p50=   23.60ms p90=   40.16ms p99=    68.42ms  never_completed=  0.00% of offered  timeouts=0 non_2xx=1
    8x  Mazu   @  1600 RPS  p50=   31.58ms p90=   92.74ms p99=   196.74ms  never_completed=  0.00% of offered  timeouts=0 non_2xx=0
    8x  Mazu   @  2000 RPS  p50= 9320.00ms p90=15670.00ms p99= 19760.00ms  never_completed= 13.74% of offered  timeouts=0 non_2xx=2  <-- FLAGGED
   16x  Istio  @   100 RPS  p50=   34.97ms p90=   43.90ms p99=    70.33ms  never_completed=  4.56% of offered  timeouts=1716 non_2xx=0  <-- FLAGGED
   16x  Istio  @   200 RPS  p50=   29.47ms p90=   34.62ms p99=    52.58ms  never_completed=  4.79% of offered  timeouts=387 non_2xx=0  <-- FLAGGED
   16x  Istio  @   400 RPS  p50=   26.86ms p90=   32.08ms p99=    51.29ms  never_completed=  0.59% of offered  timeouts=19 non_2xx=1
   16x  Istio  @   800 RPS  p50=   24.56ms p90=   33.85ms p99=    54.37ms  never_completed=  0.00% of offered  timeouts=0 non_2xx=1
   16x  Istio  @  1200 RPS  p50=   22.94ms p90=   34.91ms p99=    54.81ms  never_completed=  0.00% of offered  timeouts=0 non_2xx=0
   16x  Istio  @  1600 RPS  p50=   22.58ms p90=   37.31ms p99=    59.97ms  never_completed=  0.00% of offered  timeouts=0 non_2xx=0
   16x  Istio  @  2000 RPS  p50=   21.98ms p90=   38.72ms p99=    63.01ms  never_completed=  0.00% of offered  timeouts=0 non_2xx=0
   16x  Mazu   @   100 RPS  p50=   35.39ms p90=   51.52ms p99=  4790.00ms  never_completed=  4.52% of offered  timeouts=1680 non_2xx=0  <-- FLAGGED
   16x  Mazu   @   200 RPS  p50=   29.45ms p90=   34.62ms p99=    52.42ms  never_completed=  4.80% of offered  timeouts=387 non_2xx=0  <-- FLAGGED
   16x  Mazu   @   400 RPS  p50=   26.67ms p90=   32.00ms p99=    51.10ms  never_completed=  0.53% of offered  timeouts=19 non_2xx=0
   16x  Mazu   @   800 RPS  p50=   24.17ms p90=   33.31ms p99=    52.70ms  never_completed=  0.00% of offered  timeouts=0 non_2xx=1
   16x  Mazu   @  1200 RPS  p50=   22.66ms p90=   34.59ms p99=    54.43ms  never_completed=  0.00% of offered  timeouts=0 non_2xx=1
   16x  Mazu   @  1600 RPS  p50=   22.22ms p90=   36.90ms p99=    59.58ms  never_completed=  0.00% of offered  timeouts=0 non_2xx=0
   16x  Mazu   @  2000 RPS  p50=   21.84ms p90=   38.43ms p99=    62.97ms  never_completed=  0.00% of offered  timeouts=0 non_2xx=1
   32x  Istio  @   100 RPS  p50=   39.94ms p90=   57.73ms p99=    90.05ms  never_completed=  4.53% of offered  timeouts=1682 non_2xx=0  <-- FLAGGED
   32x  Istio  @   200 RPS  p50=   33.12ms p90=   39.20ms p99=    62.56ms  never_completed=  4.80% of offered  timeouts=391 non_2xx=1  <-- FLAGGED
   32x  Istio  @   400 RPS  p50=   29.68ms p90=   35.71ms p99=    57.50ms  never_completed=  0.52% of offered  timeouts=20 non_2xx=0
   32x  Istio  @   800 RPS  p50=   26.90ms p90=   36.99ms p99=    58.78ms  never_completed=  0.00% of offered  timeouts=0 non_2xx=0
   32x  Istio  @  1200 RPS  p50=   24.43ms p90=   38.17ms p99=    60.93ms  never_completed=  0.00% of offered  timeouts=0 non_2xx=0
   32x  Istio  @  1600 RPS  p50=   22.58ms p90=   37.28ms p99=    59.33ms  never_completed=  0.00% of offered  timeouts=0 non_2xx=0
   32x  Istio  @  2000 RPS  p50=   22.09ms p90=   38.91ms p99=    64.10ms  never_completed=  0.00% of offered  timeouts=0 non_2xx=0
   32x  Mazu   @   100 RPS  p50=   41.60ms p90=  241.66ms p99=  3430.00ms  never_completed=  4.53% of offered  timeouts=1678 non_2xx=0  <-- FLAGGED
   32x  Mazu   @   200 RPS  p50=   33.18ms p90=   39.39ms p99=    62.81ms  never_completed=  4.83% of offered  timeouts=388 non_2xx=1  <-- FLAGGED
   32x  Mazu   @   400 RPS  p50=   29.53ms p90=   35.62ms p99=    57.38ms  never_completed=  0.54% of offered  timeouts=19 non_2xx=0
   32x  Mazu   @   800 RPS  p50=   26.75ms p90=   36.86ms p99=    58.69ms  never_completed=  0.00% of offered  timeouts=0 non_2xx=0
   32x  Mazu   @  1200 RPS  p50=   24.17ms p90=   37.66ms p99=    60.10ms  never_completed=  0.00% of offered  timeouts=0 non_2xx=1
   32x  Mazu   @  1600 RPS  p50=   22.21ms p90=   36.61ms p99=    58.24ms  never_completed=  0.00% of offered  timeouts=0 non_2xx=0
   32x  Mazu   @  2000 RPS  p50=   21.81ms p90=   38.27ms p99=    63.49ms  never_completed=  0.00% of offered  timeouts=0 non_2xx=0
wrote /users/apoudel/DeathStarBench/socialNetwork/results/benchmark1.5b-replica-scale-09-05-26_195041/plot_15b_replica_scale_latency.pdf
wrote /users/apoudel/DeathStarBench/socialNetwork/results/benchmark1.5b-replica-scale-09-05-26_195041/plot_15b_replica_scale_latency.png
wrote /users/apoudel/DeathStarBench/socialNetwork/results/benchmark1.5b-replica-scale-09-05-26_195041/plot_15b_replica_scale_p99.pdf
wrote /users/apoudel/DeathStarBench/socialNetwork/results/benchmark1.5b-replica-scale-09-05-26_195041/plot_15b_replica_scale_p99.png
wrote /users/apoudel/DeathStarBench/socialNetwork/results/benchmark1.5b-replica-scale-09-05-26_195041/plot_15b_replica_scale_ratio.pdf
wrote /users/apoudel/DeathStarBench/socialNetwork/results/benchmark1.5b-replica-scale-09-05-26_195041/plot_15b_replica_scale_ratio.png
wrote /users/apoudel/DeathStarBench/socialNetwork/results/benchmark1.5b-replica-scale-09-05-26_195041/plot_15b_replica_scale.dat
[2026-09-06 14:53:25] === Replica-scale sweep complete. Results in /users/apoudel/DeathStarBench/socialNetwork/results/benchmark1.5b-replica-scale-09-05-26_195041 ===
# Benchmark 1.5b replica-scale sweep
# started      Sun Sep  6 02:19:22 PM MDT 2026
# scales       32
# rps_values   100 200 400 800 1200 1600 2000
# duration_s   120
# strategies   st5-AttUpd istio
# source_yaml  /users/apoudel/DeathStarBench/socialNetwork/scratch/yaml/bookinfo-const.yaml / /users/apoudel/DeathStarBench/socialNetwork/scratch/yaml/bookinfo-const-tpm.yaml
# conn_reuse   1
# scale    app_replicas ready_timeout  status
  32x      192          2220s          ok
# finished Sun Sep  6 02:53:18 PM MDT 2026
