=== Benchmark 1.5b sweep started at Fri Aug 14 03:45:17 PM UTC 2026 for st5-AttUpd ===
Strategy: st5-AttUpd | Tag: st5-AttUpd | Duration: 30 seconds | RPS: 1000
Results Directory: /users/apoudel/DeathStarBench/socialNetwork/20260814_154517/st5-AttUpd-30
Output File: /users/apoudel/DeathStarBench/socialNetwork/20260814_154517/st5-AttUpd-30/1000.txt
/users/apoudel/DeathStarBench/socialNetwork
[1;30;44mMazu:[0m Uninstalling Bookinfo application....
service "details" deleted from default namespace
serviceaccount "bookinfo-details" deleted from default namespace
deployment.apps "details-v1" deleted from default namespace
service "ratings" deleted from default namespace
serviceaccount "bookinfo-ratings" deleted from default namespace
deployment.apps "ratings-v1" deleted from default namespace
service "reviews" deleted from default namespace
serviceaccount "bookinfo-reviews" deleted from default namespace
deployment.apps "reviews-v1" deleted from default namespace
deployment.apps "reviews-v2" deleted from default namespace
deployment.apps "reviews-v3" deleted from default namespace
service "productpage" deleted from default namespace
serviceaccount "bookinfo-productpage" deleted from default namespace
deployment.apps "productpage-v1" deleted from default namespace
gateway.networking.istio.io "bookinfo-gateway" deleted from default namespace
virtualservice.networking.istio.io "bookinfo" deleted from default namespace
horizontalpodautoscaler.autoscaling "details-hpa" deleted from default namespace
horizontalpodautoscaler.autoscaling "ratings-hpa" deleted from default namespace
horizontalpodautoscaler.autoscaling "reviews-v1-hpa" deleted from default namespace
horizontalpodautoscaler.autoscaling "reviews-v2-hpa" deleted from default namespace
horizontalpodautoscaler.autoscaling "reviews-v3-hpa" deleted from default namespace
horizontalpodautoscaler.autoscaling "productpage-hpa" deleted from default namespace
pod/details-v1-6f4796857b-fxg7v condition met
Strategy: st5-AttUpd | Tag: st5-AttUpd | Duration: 30 seconds | RPS: 1000
Results Directory: /users/apoudel/DeathStarBench/socialNetwork/20260814_154523/st5-AttUpd-30
Output File: /users/apoudel/DeathStarBench/socialNetwork/20260814_154523/st5-AttUpd-30/1000.txt
/users/apoudel/DeathStarBench/socialNetwork
All Istio resources will be pruned from the cluster

  Removed apps/v1, Kind=Deployment/istio-ingressgateway.istio-system.
  Removed apps/v1, Kind=Deployment/istiod.istio-system.
  Removed /v1, Kind=Service/istio-ingressgateway.istio-system.
  Removed /v1, Kind=Service/istiod.istio-system.
  Removed /v1, Kind=ConfigMap/istio.istio-system.
  Removed /v1, Kind=ConfigMap/istio-sidecar-injector.istio-system.
  Removed /v1, Kind=Pod/istio-ingressgateway-7fdd86c74b-6wdbl.istio-system.
  Removed /v1, Kind=Pod/istio-ingressgateway-7fdd86c74b-7fjrz.istio-system.
  Removed /v1, Kind=Pod/istio-ingressgateway-7fdd86c74b-8229z.istio-system.
  Removed /v1, Kind=Pod/istio-ingressgateway-7fdd86c74b-8dn5s.istio-system.
  Removed /v1, Kind=Pod/istio-ingressgateway-7fdd86c74b-gl4qc.istio-system.
  Removed /v1, Kind=Pod/istio-ingressgateway-7fdd86c74b-hbh4s.istio-system.
  Removed /v1, Kind=Pod/istio-ingressgateway-7fdd86c74b-jrclh.istio-system.
  Removed /v1, Kind=Pod/istio-ingressgateway-7fdd86c74b-q8kvd.istio-system.
  Removed /v1, Kind=Pod/istio-ingressgateway-7fdd86c74b-qzxpg.istio-system.
  Removed /v1, Kind=Pod/istio-ingressgateway-7fdd86c74b-w7525.istio-system.
  Removed /v1, Kind=Pod/istiod-8574d68d5c-w5wxc.istio-system.
  Removed /v1, Kind=ServiceAccount/istio-ingressgateway-service-account.istio-system.
  Removed /v1, Kind=ServiceAccount/istio-reader-service-account.istio-system.
  Removed /v1, Kind=ServiceAccount/istiod.istio-system.
  Removed rbac.authorization.k8s.io/v1, Kind=RoleBinding/istio-ingressgateway-sds.istio-system.
  Removed rbac.authorization.k8s.io/v1, Kind=RoleBinding/istiod.istio-system.
  Removed rbac.authorization.k8s.io/v1, Kind=Role/istio-ingressgateway-sds.istio-system.
  Removed rbac.authorization.k8s.io/v1, Kind=Role/istiod.istio-system.
  Removed policy/v1, Kind=PodDisruptionBudget/istio-ingressgateway.istio-system.
  Removed policy/v1, Kind=PodDisruptionBudget/istiod.istio-system.
  Removed autoscaling/v2, Kind=HorizontalPodAutoscaler/istio-ingressgateway.istio-system.
  Removed autoscaling/v2, Kind=HorizontalPodAutoscaler/istiod.istio-system.
  Removed admissionregistration.k8s.io/v1, Kind=MutatingWebhookConfiguration/istio-revision-tag-default..
  Removed admissionregistration.k8s.io/v1, Kind=MutatingWebhookConfiguration/istio-sidecar-injector..
  Removed admissionregistration.k8s.io/v1, Kind=ValidatingWebhookConfiguration/istio-validator-istio-system..
  Removed admissionregistration.k8s.io/v1, Kind=ValidatingWebhookConfiguration/istiod-default-validator..
  Removed rbac.authorization.k8s.io/v1, Kind=ClusterRole/istio-reader-clusterrole-istio-system..
  Removed rbac.authorization.k8s.io/v1, Kind=ClusterRole/istiod-clusterrole-istio-system..
  Removed rbac.authorization.k8s.io/v1, Kind=ClusterRole/istiod-gateway-controller-istio-system..
  Removed rbac.authorization.k8s.io/v1, Kind=ClusterRoleBinding/istio-reader-clusterrole-istio-system..
  Removed rbac.authorization.k8s.io/v1, Kind=ClusterRoleBinding/istiod-clusterrole-istio-system..
  Removed rbac.authorization.k8s.io/v1, Kind=ClusterRoleBinding/istiod-gateway-controller-istio-system..
  Removed apiextensions.k8s.io/v1, Kind=CustomResourceDefinition/authorizationpolicies.security.istio.io..
  Removed apiextensions.k8s.io/v1, Kind=CustomResourceDefinition/destinationrules.networking.istio.io..
  Removed apiextensions.k8s.io/v1, Kind=CustomResourceDefinition/envoyfilters.networking.istio.io..
  Removed apiextensions.k8s.io/v1, Kind=CustomResourceDefinition/gateways.networking.istio.io..
  Removed apiextensions.k8s.io/v1, Kind=CustomResourceDefinition/peerauthentications.security.istio.io..
  Removed apiextensions.k8s.io/v1, Kind=CustomResourceDefinition/proxyconfigs.networking.istio.io..
  Removed apiextensions.k8s.io/v1, Kind=CustomResourceDefinition/requestauthentications.security.istio.io..
  Removed apiextensions.k8s.io/v1, Kind=CustomResourceDefinition/serviceentries.networking.istio.io..
  Removed apiextensions.k8s.io/v1, Kind=CustomResourceDefinition/sidecars.networking.istio.io..
  Removed apiextensions.k8s.io/v1, Kind=CustomResourceDefinition/telemetries.telemetry.istio.io..
  Removed apiextensions.k8s.io/v1, Kind=CustomResourceDefinition/virtualservices.networking.istio.io..
  Removed apiextensions.k8s.io/v1, Kind=CustomResourceDefinition/wasmplugins.extensions.istio.io..
  Removed apiextensions.k8s.io/v1, Kind=CustomResourceDefinition/workloadentries.networking.istio.io..
  Removed apiextensions.k8s.io/v1, Kind=CustomResourceDefinition/workloadgroups.networking.istio.io..

✔ Uninstall completepod/istiod-8574d68d5c-w5wxc condition met
pod/istio-ingressgateway-7fdd86c74b-6wdbl condition met
pod/istio-ingressgateway-7fdd86c74b-7fjrz condition met
pod/istio-ingressgateway-7fdd86c74b-8229z condition met
pod/istio-ingressgateway-7fdd86c74b-8dn5s condition met
pod/istio-ingressgateway-7fdd86c74b-gl4qc condition met
pod/istio-ingressgateway-7fdd86c74b-hbh4s condition met
pod/istio-ingressgateway-7fdd86c74b-jrclh condition met
pod/istio-ingressgateway-7fdd86c74b-q8kvd condition met
pod/istio-ingressgateway-7fdd86c74b-qzxpg condition met
pod/istio-ingressgateway-7fdd86c74b-w7525 condition met
pod "kube-apiserver-node-0" deleted from kube-system namespace
pod "kube-apiserver-node-1" deleted from kube-system namespace
API server count: 2. Waiting for all kube-apiserver pods to become Ready...
All kube-apiserver pods are Ready
Creating TPMs on all nodes...
Warning: Permanently added 'pc841.emulab.net' (ED25519) to the list of known hosts.
Warning: Permanently added 'pc841.emulab.net' (ED25519) to the list of known hosts.
--> Creating tpm state folder in /tpm/myvtpm2.
--> Creating tpm state folder in /tpm/myvtpm2.
--> Creating tpm with swtpm_setup.
--> Creating tpm with swtpm_setup.
Starting vTPM manufacturing as root:root @ Fri 14 Aug 2026 09:45:37 AM MDT
Apply profile: {"Name": "default-v1"}
TPM is listening on Unix socket.
Starting vTPM manufacturing as root:root @ Fri 14 Aug 2026 09:45:37 AM MDT
Apply profile: {"Name": "default-v1"}
TPM is listening on Unix socket.
Active profile: {"Name":"default-v1","StateFormatLevel":7,"Commands":"0x11f-0x122,0x124-0x12e,0x130-0x140,0x142-0x159,0x15b-0x15e,0x160-0x165,0x167-0x174,0x176-0x178,0x17a-0x193,0x197,0x199-0x19c","Algorithms":"rsa,rsa-min-size=1024,tdes,tdes-min-size=128,sha1,hmac,aes,aes-min-size=128,mgf1,keyedhash,xor,sha256,sha384,sha512,null,rsassa,rsaes,rsapss,oaep,ecdsa,ecdh,ecdaa,sm2,ecschnorr,ecmqv,kdf1-sp800-56a,kdf2,kdf1-sp800-108,ecc,ecc-min-size=192,ecc-nist,ecc-bn,ecc-sm2-p256,symcipher,camellia,camellia-min-size=128,cmac,ctr,ofb,cbc,cfb,ecb","Description":"This profile enables all libtpms v0.10-supported commands and algorithms. This profile is compatible with libtpms >= v0.10."}
Active profile: {"Name":"default-v1","StateFormatLevel":7,"Commands":"0x11f-0x122,0x124-0x12e,0x130-0x140,0x142-0x159,0x15b-0x15e,0x160-0x165,0x167-0x174,0x176-0x178,0x17a-0x193,0x197,0x199-0x19c","Algorithms":"rsa,rsa-min-size=1024,tdes,tdes-min-size=128,sha1,hmac,aes,aes-min-size=128,mgf1,keyedhash,xor,sha256,sha384,sha512,null,rsassa,rsaes,rsapss,oaep,ecdsa,ecdh,ecdaa,sm2,ecschnorr,ecmqv,kdf1-sp800-56a,kdf2,kdf1-sp800-108,ecc,ecc-min-size=192,ecc-nist,ecc-bn,ecc-sm2-p256,symcipher,camellia,camellia-min-size=128,cmac,ctr,ofb,cbc,cfb,ecb","Description":"This profile enables all libtpms v0.10-supported commands and algorithms. This profile is compatible with libtpms >= v0.10."}
Successfully created RSA 2048 EK with handle 0x81010001.
  Invoking /usr/bin/swtpm_localca --type ek --ek b4bfe408b1115a1f5385c00282cd3f37e20b56a57d320391c198be3763e9f0f1f494c7750dab8da5fb41bd57cf0f56b55eec6fd4de530f0ed4e188ed9786bda58962aa9af5a1cb0837dac9f79543a3eb4e4a4782003efbb9ad6ddf0addc59a322f8559c9828162e232e63ea5979c6f0b6a28a620bb04a2f42e6850fdd028b889b384629bb3a2f03346a35d151344658095cbf6bd7a4d9294408677028e85d985f95cf488e29803dd78829b82615b9e219d88a187780e6a2e0ecb7da6b11ff6b4f2e94eb68d5b6199e40382dd81f91a41701e402b919831e212afad78dc31cb83a49922bead73be2a658252582a3311afb04515cbcaab1119ba965e1e92872c19 --dir /tmp/swtpm_setup.certs.MMAZT3 --tpm-spec-family 2.0 --tpm-spec-level 0 --tpm-spec-revision 183 --tpm-manufacturer id:00001014 --tpm-model swtpm --tpm-version id:20240125 --tpm2 --configfile /etc/swtpm-localca.conf --optsfile /etc/swtpm-localca.options
Successfully created RSA 2048 EK with handle 0x81010001.
  Invoking /usr/bin/swtpm_localca --type ek --ek bb0f15a0503b4bac4a5b9f655cddd388f145245bc32dfff6df4decb8269f907600fe0d3600b9288b8d27ea309c7e26e54ee84ac925afe5fb052a486bc8f51e14ee7845fe9e8f0ce0b409346b923425b86478bf969f360b3a2b29f5cf5dbcc68063f525e8a45ab9760de1afa4906e4f2b5369cc4321cb5232cf277894de4b48e02cd6095ad96b40412e706a3c86065dfe9c720636b91e3d1368c55d1e7a50d475fa33b01f1a4e2fab3c16d651565d0425e0d837914f855799d68d3c9c162059ead9f03fc476b34d9e2b2f38c5daef7e4ca1ecfe382eb5521a01d5a44cac0614b1f040195b016d9bc6075baca470f550c89b73c1a128426551a31cb42097c77ebf --dir /tmp/swtpm_setup.certs.W7PZT3 --tpm-spec-family 2.0 --tpm-spec-level 0 --tpm-spec-revision 183 --tpm-manufacturer id:00001014 --tpm-model swtpm --tpm-version id:20240125 --tpm2 --configfile /etc/swtpm-localca.conf --optsfile /etc/swtpm-localca.options
swtpm_localca: Successfully created EK certificate locally.
  Invoking /usr/bin/swtpm_localca --type platform --ek b4bfe408b1115a1f5385c00282cd3f37e20b56a57d320391c198be3763e9f0f1f494c7750dab8da5fb41bd57cf0f56b55eec6fd4de530f0ed4e188ed9786bda58962aa9af5a1cb0837dac9f79543a3eb4e4a4782003efbb9ad6ddf0addc59a322f8559c9828162e232e63ea5979c6f0b6a28a620bb04a2f42e6850fdd028b889b384629bb3a2f03346a35d151344658095cbf6bd7a4d9294408677028e85d985f95cf488e29803dd78829b82615b9e219d88a187780e6a2e0ecb7da6b11ff6b4f2e94eb68d5b6199e40382dd81f91a41701e402b919831e212afad78dc31cb83a49922bead73be2a658252582a3311afb04515cbcaab1119ba965e1e92872c19 --dir /tmp/swtpm_setup.certs.MMAZT3 --tpm-spec-family 2.0 --tpm-spec-level 0 --tpm-spec-revision 183 --tpm-manufacturer id:00001014 --tpm-model swtpm --tpm-version id:20240125 --tpm2 --configfile /etc/swtpm-localca.conf --optsfile /etc/swtpm-localca.options
swtpm_localca: Successfully created EK certificate locally.
  Invoking /usr/bin/swtpm_localca --type platform --ek bb0f15a0503b4bac4a5b9f655cddd388f145245bc32dfff6df4decb8269f907600fe0d3600b9288b8d27ea309c7e26e54ee84ac925afe5fb052a486bc8f51e14ee7845fe9e8f0ce0b409346b923425b86478bf969f360b3a2b29f5cf5dbcc68063f525e8a45ab9760de1afa4906e4f2b5369cc4321cb5232cf277894de4b48e02cd6095ad96b40412e706a3c86065dfe9c720636b91e3d1368c55d1e7a50d475fa33b01f1a4e2fab3c16d651565d0425e0d837914f855799d68d3c9c162059ead9f03fc476b34d9e2b2f38c5daef7e4ca1ecfe382eb5521a01d5a44cac0614b1f040195b016d9bc6075baca470f550c89b73c1a128426551a31cb42097c77ebf --dir /tmp/swtpm_setup.certs.W7PZT3 --tpm-spec-family 2.0 --tpm-spec-level 0 --tpm-spec-revision 183 --tpm-manufacturer id:00001014 --tpm-model swtpm --tpm-version id:20240125 --tpm2 --configfile /etc/swtpm-localca.conf --optsfile /etc/swtpm-localca.options
swtpm_localca: Successfully created platform certificate locally.
Successfully created NVRAM area 0x1c00002 for RSA 2048 EK certificate.
Successfully created NVRAM area 0x1c08000 for platform certificate.
swtpm_localca: Successfully created platform certificate locally.
Successfully created NVRAM area 0x1c00002 for RSA 2048 EK certificate.
Successfully created NVRAM area 0x1c08000 for platform certificate.
Successfully created ECC EK with handle 0x81010016.
  Invoking /usr/bin/swtpm_localca --type ek --ek x=e789257c3eace233c8731acef45816a6d2fe3ee765b51137bcc2d07149a32f515b5300a823cee330c67066e34aeefccc,y=d0d9efd6475e63ef24df461964f5f0f55a9434339e130ed63c7730167642361ab1935a7eb0b71c7fdf8969da8d555b2f,id=secp384r1 --dir /tmp/swtpm_setup.certs.MMAZT3 --tpm-spec-family 2.0 --tpm-spec-level 0 --tpm-spec-revision 183 --tpm-manufacturer id:00001014 --tpm-model swtpm --tpm-version id:20240125 --tpm2 --configfile /etc/swtpm-localca.conf --optsfile /etc/swtpm-localca.options
Successfully created ECC EK with handle 0x81010016.
  Invoking /usr/bin/swtpm_localca --type ek --ek x=4a7779762067043fbf194e816a7dd122f29838d431594941603163d4fa9dde7a5b9f10503bf68c93b2918111e0b14559,y=341f4ca95a1d8c6df3dbd69b2db0b1beb70cf8846e17c672645e1c70deda432e13257ea0b0e675bff11567e2e8b9208a,id=secp384r1 --dir /tmp/swtpm_setup.certs.W7PZT3 --tpm-spec-family 2.0 --tpm-spec-level 0 --tpm-spec-revision 183 --tpm-manufacturer id:00001014 --tpm-model swtpm --tpm-version id:20240125 --tpm2 --configfile /etc/swtpm-localca.conf --optsfile /etc/swtpm-localca.options
swtpm_localca: Successfully created EK certificate locally.
Successfully created NVRAM area 0x1c00016 for ECC EK certificate.
Successfully activated PCR banks sha256 among sha1,sha256,sha384,sha512.
Successfully authored TPM state.
Ending vTPM manufacturing @ Fri 14 Aug 2026 09:45:37 AM MDT
swtpm_localca: Successfully created EK certificate locally.
Successfully created NVRAM area 0x1c00016 for ECC EK certificate.
Successfully activated PCR banks sha256 among sha1,sha256,sha384,sha512.
Successfully authored TPM state.
Ending vTPM manufacturing @ Fri 14 Aug 2026 09:45:37 AM MDT
--> Creating /dev/tpmrm0 device with swtpm_cuse.
--> Creating /dev/tpmrm0 device with swtpm_cuse.
TPMs created on all nodes
Using strategy: st5-AttUpd
Deploying Mazu ConfigMap to namespace: default
configmap "mazu-config" deleted from default namespace
configmap/mazu-config created
Deploying Mazu ConfigMap to namespace: istio-system
configmap "mazu-config" deleted from istio-system namespace
configmap/mazu-config created
Deploying RBE PP ConfigMap to namespace: default
configmap "rbe-pp" deleted from default namespace
configmap/rbe-pp created
Deploying RBE PP ConfigMap to namespace: istio-system
configmap "rbe-pp" deleted from istio-system namespace
configmap/rbe-pp created
"k8s-tpm-device" already exists with the same configuration, skipping
Hang tight while we grab the latest from your chart repositories...
...Successfully got an update from the "k8s-tpm-device" chart repository
Update Complete. ⎈Happy Helming!⎈
Release "k8s-tpm-device" has been upgraded. Happy Helming!
NAME: k8s-tpm-device
LAST DEPLOYED: Fri Aug 14 15:46:41 2026
NAMESPACE: tpm-device
STATUS: deployed
REVISION: 2
TEST SUITE: None
Deploying TPM public key ConfigMap to namespace: default
configmap "tpm-pubkey" deleted from default namespace
configmap/tpm-pubkey created
Deploying TPM public key ConfigMap to namespace: istio-system
configmap "tpm-pubkey" deleted from istio-system namespace
configmap/tpm-pubkey created
secret "tpm-keys" deleted from istio-system namespace
secret/tpm-keys created
Strategy: st5-AttUpd | Tag: st5-AttUpd | Duration: 30 seconds | RPS: 1000
Results Directory: /users/apoudel/DeathStarBench/socialNetwork/20260814_154642/st5-AttUpd-30
Output File: /users/apoudel/DeathStarBench/socialNetwork/20260814_154642/st5-AttUpd-30/1000.txt
/users/apoudel/DeathStarBench/socialNetwork
[1;30;44mMazu:[0m Installing Istio....
service "etcd" deleted from istio-system namespace
statefulset.apps "etcd" deleted from istio-system namespace
persistentvolumeclaim "etcd-data-etcd-0" deleted from istio-system namespace
Error from server (AlreadyExists): namespaces "istio-system" already exists
namespace already exists
service/etcd created
statefulset.apps/etcd created
        |\          
        | \         
        |  \        
        |   \       
      /||    \      
     / ||     \     
    /  ||      \    
   /   ||       \   
  /    ||        \  
 /     ||         \ 
/______||__________\
____________________
  \__       _____/  
     \_____/        

WARNING: Istio 1.24.0 may be out of support (EOL) already: see https://istio.io/latest/docs/releases/supported-releases/ for supported releases

- Processing resources for Istio core.
- Processing resources for Istio core. Waiting for CustomResourceDefinition/, CustomResourceDefinition/, CustomResourceDefinition/, CustomResourceDefinition/, CustomResourceDefinition/, CustomResourceDefinition/, CustomResourceDefinition/, CustomResourceDefiniti...
✔ Istio core installed ⛵️
- Processing resources for Istiod.
- Processing resources for Istiod. Waiting for Deployment/istio-system/istiod
✔ Istiod installed 🧠
- Processing resources for Ingress gateways.
- Processing resources for Ingress gateways. Waiting for Deployment/istio-system/istio-ingressgateway
✔ Ingress gateways installed 🛬
- Pruning removed resources
✔ Installation completeclusterrole.rbac.authorization.k8s.io/token-review-role unchanged
clusterrolebinding.rbac.authorization.k8s.io/token-review-binding unchanged
role.rbac.authorization.k8s.io/leader-election-key-curator-role unchanged
rolebinding.rbac.authorization.k8s.io/leader-election-key-curator-role-binding unchanged
namespace/default not labeled
peerauthentication.security.istio.io/default created
pod/istiod-fb9866b9d-658p4 condition met
pod/istio-ingressgateway-745cc59f79-dlt2z condition met
service/details created
serviceaccount/bookinfo-details created
deployment.apps/details-v1 created
service/ratings created
serviceaccount/bookinfo-ratings created
deployment.apps/ratings-v1 created
service/reviews created
serviceaccount/bookinfo-reviews created
deployment.apps/reviews-v1 created
deployment.apps/reviews-v2 created
deployment.apps/reviews-v3 created
service/productpage created
serviceaccount/bookinfo-productpage created
deployment.apps/productpage-v1 created
gateway.networking.istio.io/bookinfo-gateway created
virtualservice.networking.istio.io/bookinfo created
horizontalpodautoscaler.autoscaling/details-hpa created
horizontalpodautoscaler.autoscaling/ratings-hpa created
horizontalpodautoscaler.autoscaling/reviews-v1-hpa created
horizontalpodautoscaler.autoscaling/reviews-v2-hpa created
horizontalpodautoscaler.autoscaling/reviews-v3-hpa created
horizontalpodautoscaler.autoscaling/productpage-hpa created
pod/details-v1-76f99bc8c5-59h5r condition met
pod/productpage-v1-6748ffcd95-2x4rm condition met
pod/ratings-v1-8dcc47467-9k7vx condition met
pod/reviews-v1-778bf8f867-9lt5d condition met
pod/reviews-v2-545566f979-9qfjd condition met
pod/reviews-v3-77cbddf659-9mclg condition met
pod/istiod-fb9866b9d-658p4 condition met
pod/istio-ingressgateway-745cc59f79-dlt2z condition met
Waiting for 10 ready istio-ingressgateway replicas...
